Archive member included to satisfy reference by file (symbol)

app/libapp.a(main.c.obj)      (--whole-archive)
zephyr/libzephyr.a(validate_libc.c.obj)
                              (--whole-archive)
zephyr/libzephyr.a(heap.c.obj)
                              (--whole-archive)
zephyr/libzephyr.a(boot_banner.c.obj)
                              (--whole-archive)
zephyr/libzephyr.a(cbprintf_packaged.c.obj)
                              (--whole-archive)
zephyr/libzephyr.a(clock.c.obj)
                              (--whole-archive)
zephyr/libzephyr.a(printk.c.obj)
                              (--whole-archive)
zephyr/libzephyr.a(cbprintf_complete.c.obj)
                              (--whole-archive)
zephyr/libzephyr.a(cbprintf.c.obj)
                              (--whole-archive)
zephyr/libzephyr.a(assert.c.obj)
                              (--whole-archive)
zephyr/libzephyr.a(dec.c.obj)
                              (--whole-archive)
zephyr/libzephyr.a(hex.c.obj)
                              (--whole-archive)
zephyr/libzephyr.a(rb.c.obj)  (--whole-archive)
zephyr/libzephyr.a(set.c.obj)
                              (--whole-archive)
zephyr/libzephyr.a(timeutil.c.obj)
                              (--whole-archive)
zephyr/libzephyr.a(bitarray.c.obj)
                              (--whole-archive)
zephyr/libzephyr.a(bitmask.c.obj)
                              (--whole-archive)
zephyr/libzephyr.a(getopt.c.obj)
                              (--whole-archive)
zephyr/libzephyr.a(getopt_common.c.obj)
                              (--whole-archive)
zephyr/libzephyr.a(ring_buffer.c.obj)
                              (--whole-archive)
zephyr/libzephyr.a(configs.c.obj)
                              (--whole-archive)
zephyr/libzephyr.a(tracing_none.c.obj)
                              (--whole-archive)
zephyr/libzephyr.a(sem.c.obj)
                              (--whole-archive)
zephyr/libzephyr.a(thread_entry.c.obj)
                              (--whole-archive)
zephyr/arch/common/libarch__common.a(init.c.obj)
                              (--whole-archive)
zephyr/arch/common/libarch__common.a(instr_mem.c.obj)
                              (--whole-archive)
zephyr/arch/arch/posix/core/libarch__posix__core.a(cpuhalt.c.obj)
                              (--whole-archive)
zephyr/arch/arch/posix/core/libarch__posix__core.a(fatal.c.obj)
                              (--whole-archive)
zephyr/arch/arch/posix/core/libarch__posix__core.a(irq.c.obj)
                              (--whole-archive)
zephyr/arch/arch/posix/core/libarch__posix__core.a(swap.c.obj)
                              (--whole-archive)
zephyr/arch/arch/posix/core/libarch__posix__core.a(thread.c.obj)
                              (--whole-archive)
zephyr/arch/arch/posix/core/libarch__posix__core.a(posix_core_nsi.c.obj)
                              (--whole-archive)
zephyr/soc/soc/native/libsoc__native__inf_clock.a(soc.c.obj)
                              (--whole-archive)
zephyr/soc/soc/native/libsoc__native__inf_clock.a(native_tasks.c.obj)
                              (--whole-archive)
zephyr/soc/soc/native/libsoc__native__inf_clock.a(native_remap.c.obj)
                              (--whole-archive)
zephyr/boards/native/native_sim/libboards__native__native_sim.a(cmdline.c.obj)
                              (--whole-archive)
zephyr/boards/native/native_sim/libboards__native__native_sim.a(cpu_wait.c.obj)
                              (--whole-archive)
zephyr/boards/native/native_sim/libboards__native__native_sim.a(nsi_if.c.obj)
                              (--whole-archive)
zephyr/boards/native/native_sim/libboards__native__native_sim.a(irq_handler.c.obj)
                              (--whole-archive)
zephyr/boards/native/native_sim/libboards__native__native_sim.a(misc.c.obj)
                              (--whole-archive)
zephyr/boards/native/native_sim/libboards__native__native_sim.a(posix_arch_if.c.obj)
                              (--whole-archive)
zephyr/drivers/console/libdrivers__console.a(posix_arch_console.c.obj)
                              (--whole-archive)
zephyr/drivers/timer/libdrivers__timer.a(sys_clock_init.c.obj)
                              (--whole-archive)
zephyr/drivers/timer/libdrivers__timer.a(native_sim_timer.c.obj)
                              (--whole-archive)
zephyr/kernel/libkernel.a(fatal.c.obj)
                              zephyr/libzephyr.a(heap.c.obj) (z_fatal_error)
zephyr/kernel/libkernel.a(init.c.obj)
                              zephyr/arch/arch/posix/core/libarch__posix__core.a(swap.c.obj) (_kernel)
zephyr/kernel/libkernel.a(idle.c.obj)
                              zephyr/kernel/libkernel.a(init.c.obj) (idle)
zephyr/kernel/libkernel.a(sem.c.obj)
                              zephyr/libzephyr.a(sem.c.obj) (z_impl_k_sem_init)
zephyr/kernel/libkernel.a(thread.c.obj)
                              zephyr/kernel/libkernel.a(fatal.c.obj) (k_thread_name_get)
zephyr/kernel/libkernel.a(sched.c.obj)
[...]
Memory Configuration

Name             Origin             Length             Attributes
*default*        0x00000000         0xffffffff

Linker script and memory map


.note.gnu.build-id
 *(SORT_BY_ALIGNMENT(.note.gnu.build-id))

.interp
 *(SORT_BY_ALIGNMENT(.interp))

.hash
 *(SORT_BY_ALIGNMENT(.hash))

.gnu.hash
 *(SORT_BY_ALIGNMENT(.gnu.hash))

.dynsym
 *(SORT_BY_ALIGNMENT(.dynsym))

.dynstr
 *(SORT_BY_ALIGNMENT(.dynstr))

.gnu.version
 *(SORT_BY_ALIGNMENT(.gnu.version))

.gnu.version_d
 *(SORT_BY_ALIGNMENT(.gnu.version_d))

.gnu.version_r
 *(SORT_BY_ALIGNMENT(.gnu.version_r))

.rel.init
 *(SORT_BY_ALIGNMENT(.rel.init))

.rel.text
 *(SORT_BY_ALIGNMENT(.rel.text))

.rel.fini
 *(SORT_BY_ALIGNMENT(.rel.fini))

.rel.rodata
 *(SORT_BY_ALIGNMENT(.rel.rodata))

.rel.data.rel.ro
 *(SORT_BY_ALIGNMENT(.rel.data.rel.ro))

.rel.data
 *(SORT_BY_ALIGNMENT(.rel.data))

.rel.tdata
 *(SORT_BY_ALIGNMENT(.rel.tdata))

.rel.tbss
 *(SORT_BY_ALIGNMENT(.rel.tbss))

.rel.ctors
 *(SORT_BY_ALIGNMENT(.rel.ctors))

.rel.dtors
 *(SORT_BY_ALIGNMENT(.rel.dtors))

.rel.got
 *(SORT_BY_ALIGNMENT(.rel.got))

.rel.bss
 *(SORT_BY_ALIGNMENT(.rel.bss))

.rel.ifunc
 *(SORT_BY_ALIGNMENT(.rel.ifunc))

.rel.plt
 *(SORT_BY_ALIGNMENT(.rel.plt))

.relr.dyn
 *(SORT_BY_ALIGNMENT(.relr.dyn))

.init
 *(SORT_NONE(.init))

.plt
 *(SORT_BY_ALIGNMENT(.plt))

.plt.got
 *(SORT_BY_ALIGNMENT(.plt.got))

.plt.sec
 *(SORT_BY_ALIGNMENT(.plt.sec))

.text           0x00000000      0x2f5
 *(SORT_BY_ALIGNMENT(.text) SORT_BY_ALIGNMENT(.stub))
 .text          0x00000000      0x11a /usr/lib/gcc/x86_64-linux-gnu/14/32/libgcc.a(_udivdi3.o)
                0x00000000                __udivdi3
 *fill*         0x0000011a        0x6 
 .text          0x00000120      0x1d5 /usr/lib/gcc/x86_64-linux-gnu/14/32/libgcc.a(_udivmoddi4.o)
                0x00000120                __udivmoddi4
 *(SORT_BY_ALIGNMENT(.gnu.warning))

.text._OffsetAbsSyms
                0x00000000        0x1
 .text._OffsetAbsSyms
                0x00000000        0x1 zephyr/CMakeFiles/offsets.dir/./arch/posix/core/offsets/offsets.c.obj
                0x00000000                _OffsetAbsSyms

.text.main      0x00000000       0x28
 .text.main     0x00000000       0x28 app/libapp.a(main.c.obj)
                0x00000000                main

.text.boot_banner
                0x00000000       0x17
 .text.boot_banner
                0x00000000       0x17 zephyr/libzephyr.a(boot_banner.c.obj)

.text.arch_printk_char_out
                0x00000000        0x3
 .text.arch_printk_char_out
                0x00000000        0x3 zephyr/libzephyr.a(printk.c.obj)
                0x00000000                arch_printk_char_out

.text.char_out  0x00000000        0x6
 .text.char_out
                0x00000000        0x6 zephyr/libzephyr.a(printk.c.obj)

.text.vprintk_core
                0x00000000       0x1b
 .text.vprintk_core
                0x00000000       0x1b zephyr/libzephyr.a(printk.c.obj)

.text.__printk_hook_install
                0x00000000        0xd
 .text.__printk_hook_install
                0x00000000        0xd zephyr/libzephyr.a(printk.c.obj)
                0x00000000                __printk_hook_install

.text.printk_panic
                0x00000000        0x1
 .text.printk_panic
                0x00000000        0x1 zephyr/libzephyr.a(printk.c.obj)
                0x00000000                printk_panic

.text.vprintk   0x00000000        0xf
 .text.vprintk  0x00000000        0xf zephyr/libzephyr.a(printk.c.obj)
                0x00000000                vprintk

.text.printk    0x00000000       0x17
 .text.printk   0x00000000       0x17 zephyr/libzephyr.a(printk.c.obj)
                0x00000000                printk

.text.extract_decimal
                0x00000000       0x37
 .text.extract_decimal
                0x00000000       0x37 zephyr/libzephyr.a(cbprintf_complete.c.obj)

.text.encode_uint
                0x00000000       0xdb
 .text.encode_uint
                0x00000000       0xdb zephyr/libzephyr.a(cbprintf_complete.c.obj)

.text.z_cbvprintf_impl
                0x00000000      0x82f
 .text.z_cbvprintf_impl
                0x00000000      0x82f zephyr/libzephyr.a(cbprintf_complete.c.obj)
                0x00000000                z_cbvprintf_impl

.text._ConfigAbsSyms
                0x00000000        0x1
 .text._ConfigAbsSyms
                0x00000000        0x1 zephyr/libzephyr.a(configs.c.obj)
                0x00000000                _ConfigAbsSyms

.text.sys_trace_isr_enter
                0x00000000        0x1
 .text.sys_trace_isr_enter
                0x00000000        0x1 zephyr/libzephyr.a(tracing_none.c.obj)
                0x00000000                sys_trace_isr_enter

.text.sys_trace_isr_exit
                0x00000000        0x1
 .text.sys_trace_isr_exit
                0x00000000        0x1 zephyr/libzephyr.a(tracing_none.c.obj)
                0x00000000                sys_trace_isr_exit

.text.z_thread_entry
                0x00000000       0x3a
 .text.z_thread_entry
                0x00000000       0x3a zephyr/libzephyr.a(thread_entry.c.obj)
                0x00000000                z_thread_entry

.text.arch_cpu_idle
                0x00000000       0x11
 .text.arch_cpu_idle
                0x00000000       0x11 zephyr/arch/arch/posix/core/libarch__posix__core.a(cpuhalt.c.obj)
                0x00000000                arch_cpu_idle

.text.arch_system_halt
                0x00000000       0x27
 .text.arch_system_halt
                0x00000000       0x27 zephyr/arch/arch/posix/core/libarch__posix__core.a(fatal.c.obj)
                0x00000000                arch_system_halt

.text.arch_irq_enable
                0x00000000        0x5
 .text.arch_irq_enable
                0x00000000        0x5 zephyr/arch/arch/posix/core/libarch__posix__core.a(irq.c.obj)
                0x00000000                arch_irq_enable

.text.arch_swap
                0x00000000       0x50
 .text.arch_swap
                0x00000000       0x50 zephyr/arch/arch/posix/core/libarch__posix__core.a(swap.c.obj)
                0x00000000                arch_swap

.text.arch_switch_to_main_thread
                0x00000000       0x1c
 .text.arch_switch_to_main_thread
                0x00000000       0x1c zephyr/arch/arch/posix/core/libarch__posix__core.a(swap.c.obj)
                0x00000000                arch_switch_to_main_thread

.text.arch_new_thread
                0x00000000       0x41
 .text.arch_new_thread
                0x00000000       0x41 zephyr/arch/arch/posix/core/libarch__posix__core.a(thread.c.obj)
                0x00000000                arch_new_thread

.text.posix_arch_thread_entry
                0x00000000       0x1d
 .text.posix_arch_thread_entry
                0x00000000       0x1d zephyr/arch/arch/posix/core/libarch__posix__core.a(thread.c.obj)
                0x00000000                posix_arch_thread_entry

.text.arch_coprocessors_disable
                0x00000000        0x6
 .text.arch_coprocessors_disable
                0x00000000        0x6 zephyr/arch/arch/posix/core/libarch__posix__core.a(thread.c.obj)
                0x00000000                arch_coprocessors_disable

.text.z_impl_k_thread_abort
                0x00000000       0x84
 .text.z_impl_k_thread_abort
                0x00000000       0x84 zephyr/arch/arch/posix/core/libarch__posix__core.a(thread.c.obj)
                0x00000000                z_impl_k_thread_abort

.text.posix_arch_init
                0x00000000       0x1a
 .text.posix_arch_init
                0x00000000       0x1a zephyr/arch/arch/posix/core/libarch__posix__core.a(posix_core_nsi.c.obj)
                0x00000000                posix_arch_init

.text.posix_arch_clean_up
                0x00000000       0x16
 .text.posix_arch_clean_up
                0x00000000       0x16 zephyr/arch/arch/posix/core/libarch__posix__core.a(posix_core_nsi.c.obj)
                0x00000000                posix_arch_clean_up

.text.posix_swap
                0x00000000       0x17
 .text.posix_swap
                0x00000000       0x17 zephyr/arch/arch/posix/core/libarch__posix__core.a(posix_core_nsi.c.obj)
                0x00000000                posix_swap

.text.posix_main_thread_start
                0x00000000       0x19
 .text.posix_main_thread_start
                0x00000000       0x19 zephyr/arch/arch/posix/core/libarch__posix__core.a(posix_core_nsi.c.obj)
                0x00000000                posix_main_thread_start

.text.posix_new_thread
                0x00000000       0x19
 .text.posix_new_thread
                0x00000000       0x19 zephyr/arch/arch/posix/core/libarch__posix__core.a(posix_core_nsi.c.obj)
                0x00000000                posix_new_thread

.text.posix_abort_thread
                0x00000000       0x19
 .text.posix_abort_thread
                0x00000000       0x19 zephyr/arch/arch/posix/core/libarch__posix__core.a(posix_core_nsi.c.obj)
                0x00000000                posix_abort_thread

.text.posix_is_cpu_running
                0x00000000       0x16
 .text.posix_is_cpu_running
                0x00000000       0x16 zephyr/soc/soc/native/libsoc__native__inf_clock.a(soc.c.obj)
                0x00000000                posix_is_cpu_running

.text.posix_interrupt_raised
                0x00000000       0x16
 .text.posix_interrupt_raised
                0x00000000       0x16 zephyr/soc/soc/native/libsoc__native__inf_clock.a(soc.c.obj)
                0x00000000                posix_interrupt_raised

.text.posix_halt_cpu
                0x00000000       0x1a
 .text.posix_halt_cpu
                0x00000000       0x1a zephyr/soc/soc/native/libsoc__native__inf_clock.a(soc.c.obj)
                0x00000000                posix_halt_cpu

.text.posix_boot_cpu
                0x00000000       0x2c
 .text.posix_boot_cpu
                0x00000000       0x2c zephyr/soc/soc/native/libsoc__native__inf_clock.a(soc.c.obj)
                0x00000000                posix_boot_cpu

.text.posix_soc_clean_up
                0x00000000       0x28
 .text.posix_soc_clean_up
                0x00000000       0x28 zephyr/soc/soc/native/libsoc__native__inf_clock.a(soc.c.obj)
                0x00000000                posix_soc_clean_up

.text.run_native_tasks
                0x00000000       0x29
 .text.run_native_tasks
                0x00000000       0x29 zephyr/soc/soc/native/libsoc__native__inf_clock.a(native_tasks.c.obj)
                0x00000000                run_native_tasks

.text.posix_irq_handler
                0x00000000      0x124
 .text.posix_irq_handler
                0x00000000      0x124 zephyr/boards/native/native_sim/libboards__native__native_sim.a(irq_handler.c.obj)
                0x00000000                posix_irq_handler

.text.posix_irq_lock
                0x00000000       0x12
 .text.posix_irq_lock
                0x00000000       0x12 zephyr/boards/native/native_sim/libboards__native__native_sim.a(irq_handler.c.obj)
                0x00000000                posix_irq_lock

.text.posix_irq_unlock
                0x00000000        0x5
 .text.posix_irq_unlock
                0x00000000        0x5 zephyr/boards/native/native_sim/libboards__native__native_sim.a(irq_handler.c.obj)
                0x00000000                posix_irq_unlock

.text.posix_irq_full_unlock
                0x00000000       0x12
 .text.posix_irq_full_unlock
                0x00000000       0x12 zephyr/boards/native/native_sim/libboards__native__native_sim.a(irq_handler.c.obj)
                0x00000000                posix_irq_full_unlock

.text.posix_irq_enable
                0x00000000        0x5
 .text.posix_irq_enable
                0x00000000        0x5 zephyr/boards/native/native_sim/libboards__native__native_sim.a(irq_handler.c.obj)
                0x00000000                posix_irq_enable

.text.posix_isr_declare
                0x00000000       0x4c
 .text.posix_isr_declare
                0x00000000       0x4c zephyr/boards/native/native_sim/libboards__native__native_sim.a(irq_handler.c.obj)
                0x00000000                posix_isr_declare

.text.posix_irq_priority_set
                0x00000000       0x21
 .text.posix_irq_priority_set
                0x00000000       0x21 zephyr/boards/native/native_sim/libboards__native__native_sim.a(irq_handler.c.obj)
                0x00000000                posix_irq_priority_set

.text.set_realtime_default
                0x00000000       0x12
 .text.set_realtime_default
                0x00000000       0x12 zephyr/boards/native/native_sim/libboards__native__native_sim.a(misc.c.obj)

.text.posix_print_error_and_exit
                0x00000000       0x12
 .text.posix_print_error_and_exit
                0x00000000       0x12 zephyr/boards/native/native_sim/libboards__native__native_sim.a(posix_arch_if.c.obj)
                0x00000000                posix_print_error_and_exit

.text.posix_print_warning
                0x00000000       0x17
 .text.posix_print_warning
                0x00000000       0x17 zephyr/boards/native/native_sim/libboards__native__native_sim.a(posix_arch_if.c.obj)
                0x00000000                posix_print_warning

.text.posix_print_trace
                0x00000000       0x17
 .text.posix_print_trace
                0x00000000       0x17 zephyr/boards/native/native_sim/libboards__native__native_sim.a(posix_arch_if.c.obj)
                0x00000000                posix_print_trace

.text.posix_arch_console_init
                0x00000000       0x17
 .text.posix_arch_console_init
                0x00000000       0x17 zephyr/drivers/console/libdrivers__console.a(posix_arch_console.c.obj)

.text.print_char
                0x00000000       0x5f
 .text.print_char
                0x00000000       0x5f zephyr/drivers/console/libdrivers__console.a(posix_arch_console.c.obj)

.text.timer_core_arm
                0x00000000       0x6d
 .text.timer_core_arm
                0x00000000       0x6d zephyr/drivers/timer/libdrivers__timer.a(native_sim_timer.c.obj)

.text.timer_core_announce
                0x00000000       0xa0
 .text.timer_core_announce
                0x00000000       0xa0 zephyr/drivers/timer/libdrivers__timer.a(native_sim_timer.c.obj)

.text.np_timer_isr
                0x00000000        0x5
 .text.np_timer_isr
                0x00000000        0x5 zephyr/drivers/timer/libdrivers__timer.a(native_sim_timer.c.obj)

.text.sys_clock_driver_init
                0x00000000       0x8d
 .text.sys_clock_driver_init
                0x00000000       0x8d zephyr/drivers/timer/libdrivers__timer.a(native_sim_timer.c.obj)

.text.sys_clock_set_timeout
                0x00000000        0xc
 .text.sys_clock_set_timeout
                0x00000000        0xc zephyr/drivers/timer/libdrivers__timer.a(native_sim_timer.c.obj)
                0x00000000                sys_clock_set_timeout

.text.sys_clock_elapsed
                0x00000000       0x4d
 .text.sys_clock_elapsed
                0x00000000       0x4d zephyr/drivers/timer/libdrivers__timer.a(native_sim_timer.c.obj)
                0x00000000                sys_clock_elapsed

.text.k_sys_fatal_error_handler
                0x00000000       0x21
 .text.k_sys_fatal_error_handler
                0x00000000       0x21 zephyr/kernel/libkernel.a(fatal.c.obj)
                0x00000000                k_sys_fatal_error_handler

.text.z_fatal_error
                0x00000000       0xa3
 .text.z_fatal_error
                0x00000000       0xa3 zephyr/kernel/libkernel.a(fatal.c.obj)
                0x00000000                z_fatal_error

.text.z_sys_init_run_level
                0x00000000       0x40
 .text.z_sys_init_run_level
                0x00000000       0x40 zephyr/kernel/libkernel.a(init.c.obj)

.text.bg_thread_main
                0x00000000       0xf4
 .text.bg_thread_main
                0x00000000       0xf4 zephyr/kernel/libkernel.a(init.c.obj)

.text.z_init_cpu
                0x00000000       0x65
 .text.z_init_cpu
                0x00000000       0x65 zephyr/kernel/libkernel.a(init.c.obj)
                0x00000000                z_init_cpu

.text.z_cstart  0x00000000       0xca
 .text.z_cstart
                0x00000000       0xca zephyr/kernel/libkernel.a(init.c.obj)
                0x00000000                z_cstart

.text.idle      0x00000000       0x12
 .text.idle     0x00000000       0x12 zephyr/kernel/libkernel.a(idle.c.obj)
                0x00000000                idle

.text.k_thread_name_get
                0x00000000        0x3
 .text.k_thread_name_get
                0x00000000        0x3 zephyr/kernel/libkernel.a(thread.c.obj)
                0x00000000                k_thread_name_get

.text.z_setup_new_thread
                0x00000000       0x88
 .text.z_setup_new_thread
                0x00000000       0x88 zephyr/kernel/libkernel.a(thread.c.obj)
                0x00000000                z_setup_new_thread

.text.z_dummy_thread_init
                0x00000000       0x2d
 .text.z_dummy_thread_init
                0x00000000       0x2d zephyr/kernel/libkernel.a(thread.c.obj)
                0x00000000                z_dummy_thread_init

.text.z_impl_k_wakeup
                0x00000000       0x4c
 .text.z_impl_k_wakeup
                0x00000000       0x4c zephyr/kernel/libkernel.a(thread.c.obj)
                0x00000000                z_impl_k_wakeup

.text.z_thread_abort
                0x00000000       0x60
 .text.z_thread_abort
                0x00000000       0x60 zephyr/kernel/libkernel.a(thread.c.obj)
                0x00000000                z_thread_abort

.text.sys_dlist_remove
                0x00000000       0x12
 .text.sys_dlist_remove
                0x00000000       0x12 zephyr/kernel/libkernel.a(sched.c.obj)

.text.unpend_thread_no_timeout
                0x00000000       0x16
 .text.unpend_thread_no_timeout
                0x00000000       0x16 zephyr/kernel/libkernel.a(sched.c.obj)

.text.move_current_to_end_of_prio_q
                0x00000000       0x96
 .text.move_current_to_end_of_prio_q
                0x00000000       0x96 zephyr/kernel/libkernel.a(sched.c.obj)
                0x00000000                move_current_to_end_of_prio_q

.text.ready_thread
                0x00000000       0xb5
 .text.ready_thread
                0x00000000       0xb5 zephyr/kernel/libkernel.a(sched.c.obj)
                0x00000000                z_sched_ready_locked

.text.z_ready_thread
                0x00000000       0x29
 .text.z_ready_thread
                0x00000000       0x29 zephyr/kernel/libkernel.a(sched.c.obj)
                0x00000000                z_ready_thread

.text.z_thread_halt
                0x00000000      0x16e
 .text.z_thread_halt
                0x00000000      0x16e zephyr/kernel/libkernel.a(sched.c.obj)
                0x00000000                z_thread_halt

.text.reschedule
                0x00000000       0x32
 .text.reschedule
                0x00000000       0x32 zephyr/kernel/libkernel.a(sched.c.obj)
                0x00000000                z_reschedule

.text.reschedule_locked
                0x00000000       0x18
 .text.reschedule_locked
                0x00000000       0x18 zephyr/kernel/libkernel.a(sched.c.obj)
                0x00000000                z_reschedule_locked

.text.z_sched_lock_reschedule
                0x00000000       0x57
 .text.z_sched_lock_reschedule
                0x00000000       0x57 zephyr/kernel/libkernel.a(sched.c.obj)
                0x00000000                z_sched_lock_reschedule

.text.z_sched_wake_thread_locked
                0x00000000       0x29
 .text.z_sched_wake_thread_locked
                0x00000000       0x29 zephyr/kernel/libkernel.a(sched.c.obj)
                0x00000000                z_sched_wake_thread_locked

.text.z_thread_timeout
                0x00000000       0x3c
 .text.z_thread_timeout
                0x00000000       0x3c zephyr/kernel/libkernel.a(sched.c.obj)
                0x00000000                z_thread_timeout

.text.z_reschedule_irqlock
                0x00000000       0x32
 .text.z_reschedule_irqlock
                0x00000000       0x32 zephyr/kernel/libkernel.a(sched.c.obj)
                0x00000000                z_reschedule_irqlock

.text.z_sched_init
                0x00000000       0x15
 .text.z_sched_init
                0x00000000       0x15 zephyr/kernel/libkernel.a(scheduler.c.obj)
                0x00000000                z_sched_init

.text.k_sched_lock
                0x00000000       0x22
 .text.k_sched_lock
                0x00000000       0x22 zephyr/kernel/libkernel.a(scheduler.c.obj)
                0x00000000                k_sched_lock

.text.k_sched_unlock
                0x00000000       0x22
 .text.k_sched_unlock
                0x00000000       0x22 zephyr/kernel/libkernel.a(scheduler.c.obj)
                0x00000000                k_sched_unlock

.text.z_impl_k_sched_current_thread_query
                0x00000000        0x6
 .text.z_impl_k_sched_current_thread_query
                0x00000000        0x6 zephyr/kernel/libkernel.a(scheduler.c.obj)
                0x00000000                z_impl_k_sched_current_thread_query

.text.z_time_slice_size
                0x00000000       0x2f
 .text.z_time_slice_size
                0x00000000       0x2f zephyr/kernel/libkernel.a(timeslicing.c.obj)

.text.slice_timeout
                0x00000000       0x22
 .text.slice_timeout
                0x00000000       0x22 zephyr/kernel/libkernel.a(timeslicing.c.obj)

.text.slice_reset
                0x00000000       0x61
 .text.slice_reset
                0x00000000       0x61 zephyr/kernel/libkernel.a(timeslicing.c.obj)

.text.z_time_slice_reset
                0x00000000       0x14
 .text.z_time_slice_reset
                0x00000000       0x14 zephyr/kernel/libkernel.a(timeslicing.c.obj)
                0x00000000                z_time_slice_reset

.text.z_time_slice
                0x00000000       0x76
 .text.z_time_slice
                0x00000000       0x76 zephyr/kernel/libkernel.a(timeslicing.c.obj)
                0x00000000                z_time_slice

.text.z_timeout_q_first
                0x00000000        0xf
 .text.z_timeout_q_first
                0x00000000        0xf zephyr/kernel/libkernel.a(timeout.c.obj)

.text.next_timeout
                0x00000000       0x5a
 .text.next_timeout
                0x00000000       0x5a zephyr/kernel/libkernel.a(timeout.c.obj)

.text.elapsed   0x00000000       0x11
 .text.elapsed  0x00000000       0x11 zephyr/kernel/libkernel.a(timeout.c.obj)

.text.z_add_timeout
                0x00000000      0x189
 .text.z_add_timeout
                0x00000000      0x189 zephyr/kernel/libkernel.a(timeout.c.obj)
                0x00000000                z_add_timeout

.text.z_try_abort_timeout
                0x00000000       0x97
 .text.z_try_abort_timeout
                0x00000000       0x97 zephyr/kernel/libkernel.a(timeout.c.obj)
                0x00000000                z_try_abort_timeout

.text.z_timeout_inflight_superseded
                0x00000000       0x2e
 .text.z_timeout_inflight_superseded
                0x00000000       0x2e zephyr/kernel/libkernel.a(timeout.c.obj)
                0x00000000                z_timeout_inflight_superseded

.text.sys_clock_announce_locked
                0x00000000      0x110
 .text.sys_clock_announce_locked
                0x00000000      0x110 zephyr/kernel/libkernel.a(timeout.c.obj)
                0x00000000                sys_clock_announce_locked

.text.do_device_init
                0x00000000       0x44
 .text.do_device_init
                0x00000000       0x44 zephyr/kernel/libkernel.a(device.c.obj)
                0x00000000                do_device_init

.native_sim_if  0x00000044       0x8f
 *(SORT_BY_ALIGNMENT(.native_sim_if))
 .native_sim_if
                0x00000044       0x5c zephyr/boards/native/native_sim/libboards__native__native_sim.a(nsi_if.c.obj)
                0x00000044                nsif_cpu0_pre_cmdline_hooks
                0x00000056                nsif_cpu0_pre_hw_init_hooks
                0x00000068                nsif_cpu0_boot
                0x0000008c                nsif_cpu0_cleanup
                0x0000009b                nsif_cpu0_irq_raised
 .native_sim_if
                0x000000a0       0x33 zephyr/boards/native/native_sim/libboards__native__native_sim.a(irq_handler.c.obj)
                0x000000a0                nsif_cpu0_irq_raised_from_sw
 *(SORT_BY_ALIGNMENT(.native_sim_if.*))

.fini
 *(SORT_NONE(.fini))

.rodata
 *(SORT_BY_ALIGNMENT(.rodata))

.rodata.main.str1.1
                0x00000000       0x26
 .rodata.main.str1.1
                0x00000000       0x26 app/libapp.a(main.c.obj)

.rodata.boot_banner.str1.1
                0x00000000       0x3c
 .rodata.boot_banner.str1.1
                0x00000000       0x3c zephyr/libzephyr.a(boot_banner.c.obj)

.rodata.z_cbvprintf_impl.str1.1
                0x00000000        0x6
 .rodata.z_cbvprintf_impl.str1.1
                0x00000000        0x6 zephyr/libzephyr.a(cbprintf_complete.c.obj)

.rodata.z_cbvprintf_impl
                0x00000000       0xc0
 .rodata.z_cbvprintf_impl
                0x00000000       0xc0 zephyr/libzephyr.a(cbprintf_complete.c.obj)

.rodata.z_thread_entry.str1.1
                0x00000000       0x52
 .rodata.z_thread_entry.str1.1
                0x00000000       0x52 zephyr/libzephyr.a(thread_entry.c.obj)

.rodata.arch_system_halt.str1.1
                0x00000000       0x6c
 .rodata.arch_system_halt.str1.1
                0x00000000       0x6c zephyr/arch/arch/posix/core/libarch__posix__core.a(fatal.c.obj)

.rodata.z_impl_k_thread_abort.str1.1
                0x00000000       0x77
 .rodata.z_impl_k_thread_abort.str1.1
                0x00000000       0x77 zephyr/arch/arch/posix/core/libarch__posix__core.a(thread.c.obj)

.rodata.native_pre_tasks.0
                0x00000000       0x18
 .rodata.native_pre_tasks.0
                0x00000000       0x18 zephyr/soc/soc/native/libsoc__native__inf_clock.a(native_tasks.c.obj)

.rodata.posix_irq_handler.str1.1
                0x00000000       0x2e
 .rodata.posix_irq_handler.str1.1
                0x00000000       0x2e zephyr/boards/native/native_sim/libboards__native__native_sim.a(irq_handler.c.obj)

.rodata.str1.1  0x00000000       0x7f
 .rodata.str1.1
                0x00000000       0x35 zephyr/boards/native/native_sim/libboards__native__native_sim.a(irq_handler.c.obj)
 .rodata.str1.1
                0x00000035       0x4a zephyr/kernel/libkernel.a(fatal.c.obj)

.rodata.posix_isr_declare.str1.1
                0x00000000       0x32
 .rodata.posix_isr_declare.str1.1
                0x00000000       0x32 zephyr/boards/native/native_sim/libboards__native__native_sim.a(irq_handler.c.obj)

.rodata.__func__.1
                0x00000000       0x1d
 .rodata.__func__.1
                0x00000000       0x1d zephyr/boards/native/native_sim/libboards__native__native_sim.a(irq_handler.c.obj)

.rodata.print_char.str1.1
                0x00000000        0x3
 .rodata.print_char.str1.1
                0x00000000        0x3 zephyr/drivers/console/libdrivers__console.a(posix_arch_console.c.obj)

.rodata.k_sys_fatal_error_handler.str1.1
                0x00000000       0x10
 .rodata.k_sys_fatal_error_handler.str1.1
                0x00000000       0x10 zephyr/kernel/libkernel.a(fatal.c.obj)

.rodata.z_fatal_error.str1.1
                0x00000000       0x58
 .rodata.z_fatal_error.str1.1
                0x00000000       0x58 zephyr/kernel/libkernel.a(fatal.c.obj)

.rodata.CSWTCH.3
                0x00000000       0x14
 .rodata.CSWTCH.3
                0x00000000       0x14 zephyr/kernel/libkernel.a(fatal.c.obj)

.rodata.z_cstart.str1.1
                0x00000000       0x4b
 .rodata.z_cstart.str1.1
                0x00000000       0x4b zephyr/kernel/libkernel.a(init.c.obj)

.rodata.levels.0
                0x00000000       0x18
 .rodata.levels.0
                0x00000000       0x18 zephyr/kernel/libkernel.a(init.c.obj)

.rodata.z_thread_abort.str1.1
                0x00000000       0x2c
 .rodata.z_thread_abort.str1.1
                0x00000000       0x2c zephyr/kernel/libkernel.a(thread.c.obj)

.rodata.z_thread_halt.str1.1
                0x00000000       0x2b
 .rodata.z_thread_halt.str1.1
                0x00000000       0x2b zephyr/kernel/libkernel.a(sched.c.obj)

.rodata1
 *(SORT_BY_ALIGNMENT(.rodata1))

.eh_frame_hdr
 *(SORT_BY_ALIGNMENT(.eh_frame_hdr))

.eh_frame       0x00000000       0xf4
 *(SORT_BY_ALIGNMENT(.eh_frame))
 .eh_frame      0x00000000        0x0 /usr/lib/gcc/x86_64-linux-gnu/14/32/libgcc.a(_popcountsi2.o)
                                 0x2c (size before relaxing)
 .eh_frame      0x00000000        0x0 /usr/lib/gcc/x86_64-linux-gnu/14/32/libgcc.a(_divdi3.o)
                                 0x58 (size before relaxing)
 .eh_frame      0x00000000       0x84 /usr/lib/gcc/x86_64-linux-gnu/14/32/libgcc.a(_udivdi3.o)
 .eh_frame      0x00000084       0x70 /usr/lib/gcc/x86_64-linux-gnu/14/32/libgcc.a(_udivmoddi4.o)

.sframe
 *(SORT_BY_ALIGNMENT(.sframe))

.gcc_except_table
 *(SORT_BY_ALIGNMENT(.gcc_except_table))

.gnu_extab
 *(SORT_BY_ALIGNMENT(.gnu_extab*))

.exception_ranges
 *(SORT_BY_ALIGNMENT(.exception_ranges))

.note.build-id
 *(SORT_BY_ALIGNMENT(.note.build-id))

.note.GNU-stack
                0x000000f4        0x0
 *(SORT_BY_ALIGNMENT(.note.GNU-stack))
 .note.GNU-stack
                0x000000f4        0x0 zephyr/CMakeFiles/offsets.dir/./arch/posix/core/offsets/offsets.c.obj
 .note.GNU-stack
                0x000000f4        0x0 app/libapp.a(main.c.obj)
 .note.GNU-stack
                0x000000f4        0x0 zephyr/libzephyr.a(boot_banner.c.obj)
 .note.GNU-stack
                0x000000f4        0x0 zephyr/libzephyr.a(printk.c.obj)
 .note.GNU-stack
                0x000000f4        0x0 zephyr/libzephyr.a(cbprintf_complete.c.obj)
 .note.GNU-stack
                0x000000f4        0x0 zephyr/libzephyr.a(configs.c.obj)
 .note.GNU-stack
                0x000000f4        0x0 zephyr/libzephyr.a(tracing_none.c.obj)
 .note.GNU-stack
                0x000000f4        0x0 zephyr/libzephyr.a(thread_entry.c.obj)
 .note.GNU-stack
                0x000000f4        0x0 zephyr/arch/arch/posix/core/libarch__posix__core.a(cpuhalt.c.obj)
 .note.GNU-stack
                0x000000f4        0x0 zephyr/arch/arch/posix/core/libarch__posix__core.a(fatal.c.obj)
 .note.GNU-stack
                0x000000f4        0x0 zephyr/arch/arch/posix/core/libarch__posix__core.a(irq.c.obj)
 .note.GNU-stack
                0x000000f4        0x0 zephyr/arch/arch/posix/core/libarch__posix__core.a(swap.c.obj)
 .note.GNU-stack
                0x000000f4        0x0 zephyr/arch/arch/posix/core/libarch__posix__core.a(thread.c.obj)
 .note.GNU-stack
                0x000000f4        0x0 zephyr/arch/arch/posix/core/libarch__posix__core.a(posix_core_nsi.c.obj)
 .note.GNU-stack
                0x000000f4        0x0 zephyr/soc/soc/native/libsoc__native__inf_clock.a(soc.c.obj)
 .note.GNU-stack
                0x000000f4        0x0 zephyr/soc/soc/native/libsoc__native__inf_clock.a(native_tasks.c.obj)
 .note.GNU-stack
                0x000000f4        0x0 zephyr/boards/native/native_sim/libboards__native__native_sim.a(nsi_if.c.obj)
 .note.GNU-stack
                0x000000f4        0x0 zephyr/boards/native/native_sim/libboards__native__native_sim.a(irq_handler.c.obj)
 .note.GNU-stack
                0x000000f4        0x0 zephyr/boards/native/native_sim/libboards__native__native_sim.a(misc.c.obj)
 .note.GNU-stack
                0x000000f4        0x0 zephyr/boards/native/native_sim/libboards__native__native_sim.a(posix_arch_if.c.obj)
 .note.GNU-stack
                0x000000f4        0x0 zephyr/drivers/console/libdrivers__console.a(posix_arch_console.c.obj)
 .note.GNU-stack
                0x000000f4        0x0 zephyr/drivers/timer/libdrivers__timer.a(native_sim_timer.c.obj)
 .note.GNU-stack
                0x000000f4        0x0 zephyr/kernel/libkernel.a(fatal.c.obj)
 .note.GNU-stack
                0x000000f4        0x0 zephyr/kernel/libkernel.a(init.c.obj)
 .note.GNU-stack
                0x000000f4        0x0 zephyr/kernel/libkernel.a(idle.c.obj)
 .note.GNU-stack
                0x000000f4        0x0 zephyr/kernel/libkernel.a(thread.c.obj)
 .note.GNU-stack
                0x000000f4        0x0 zephyr/kernel/libkernel.a(sched.c.obj)
 .note.GNU-stack
                0x000000f4        0x0 zephyr/kernel/libkernel.a(scheduler.c.obj)
 .note.GNU-stack
                0x000000f4        0x0 zephyr/kernel/libkernel.a(timeslicing.c.obj)
 .note.GNU-stack
                0x000000f4        0x0 zephyr/kernel/libkernel.a(timeout.c.obj)
 .note.GNU-stack
                0x000000f4        0x0 zephyr/kernel/libkernel.a(device.c.obj)
 .note.GNU-stack
                0x000000f4        0x0 /usr/lib/gcc/x86_64-linux-gnu/14/32/libgcc.a(_popcountsi2.o)
 .note.GNU-stack
                0x000000f4        0x0 /usr/lib/gcc/x86_64-linux-gnu/14/32/libgcc.a(_divdi3.o)
 .note.GNU-stack
                0x000000f4        0x0 /usr/lib/gcc/x86_64-linux-gnu/14/32/libgcc.a(_udivdi3.o)
 .note.GNU-stack
                0x000000f4        0x0 /usr/lib/gcc/x86_64-linux-gnu/14/32/libgcc.a(_udivmoddi4.o)

.note.gnu-property
 *(SORT_BY_ALIGNMENT(.note.gnu-property))

.note.ABI-tag
 *(SORT_BY_ALIGNMENT(.note.ABI-tag))

.note.package
 *(SORT_BY_ALIGNMENT(.note.package))

.note.dlopen
 *(SORT_BY_ALIGNMENT(.note.dlopen))

.note.netbsd.ident
 *(SORT_BY_ALIGNMENT(.note.netbsd.ident))

.note.openbsd.ident
 *(SORT_BY_ALIGNMENT(.note.openbsd.ident))

.eh_frame
 *(SORT_BY_ALIGNMENT(.eh_frame))

.sframe
 *(SORT_BY_ALIGNMENT(.sframe))

.gnu_extab
 *(SORT_BY_ALIGNMENT(.gnu_extab))

.gcc_except_table
 *(SORT_BY_ALIGNMENT(.gcc_except_table))

.exception_ranges
 *(SORT_BY_ALIGNMENT(.exception_ranges))

.tdata
 *(SORT_BY_ALIGNMENT(.tdata))

.tbss
 *(SORT_BY_ALIGNMENT(.tbss))

.jcr
 *(SORT_BY_ALIGNMENT(.jcr))

.dynamic
 *(SORT_BY_ALIGNMENT(.dynamic))

.got
 *(SORT_BY_ALIGNMENT(.got))

.got.plt
 *(SORT_BY_ALIGNMENT(.got.plt))

.data
 *(SORT_BY_ALIGNMENT(.data))
LOAD zephyr/CMakeFiles/zephyr_pre0.dir/misc/empty_file.c.obj
LOAD zephyr/CMakeFiles/offsets.dir/./arch/posix/core/offsets/offsets.c.obj
LOAD app/libapp.a
LOAD zephyr/libzephyr.a
LOAD zephyr/arch/common/libarch__common.a
LOAD zephyr/arch/arch/posix/core/libarch__posix__core.a
LOAD zephyr/soc/soc/native/libsoc__native__inf_clock.a
LOAD zephyr/boards/native/native_sim/libboards__native__native_sim.a
LOAD zephyr/drivers/console/libdrivers__console.a
LOAD zephyr/drivers/timer/libdrivers__timer.a
LOAD zephyr/kernel/libkernel.a
LOAD /usr/lib/gcc/x86_64-linux-gnu/14/32/libgcc.a

.data._char_out
                0x00000000        0x4
 .data._char_out
                0x00000000        0x4 zephyr/libzephyr.a(printk.c.obj)

.data.currently_running_irq
                0x00000000        0x4
 .data.currently_running_irq
                0x00000000        0x4 zephyr/boards/native/native_sim/libboards__native__native_sim.a(irq_handler.c.obj)

.data.slice_ticks
                0x00000000        0x4
 .data.slice_ticks
                0x00000000        0x4 zephyr/kernel/libkernel.a(timeslicing.c.obj)

.data.timeout_list
                0x00000000        0x8
 .data.timeout_list
                0x00000000        0x8 zephyr/kernel/libkernel.a(timeout.c.obj)

.data.announcing_cpu
                0x00000000        0x4
 .data.announcing_cpu
                0x00000000        0x4 zephyr/kernel/libkernel.a(timeout.c.obj)

.native_sim_if.data
 *(SORT_BY_ALIGNMENT(.native_sim_if.data))

rom_start

initlevel       0x00000004       0x18
                0x00000004                        __init_start = .
                0x00000004                        __init_EARLY_start = .
 *(SORT_BY_NAME(SORT_BY_ALIGNMENT(.z_init_EARLY_P_?_*)))
 *(SORT_BY_NAME(SORT_BY_ALIGNMENT(.z_init_EARLY_P_??_*)))
 *(SORT_BY_NAME(SORT_BY_ALIGNMENT(.z_init_EARLY_P_???_*)))
                0x00000004                        __init_PRE_KERNEL_1_start = .
 *(SORT_BY_NAME(SORT_BY_ALIGNMENT(.z_init_PRE_KERNEL_1_P_?_*)))
 *(SORT_BY_NAME(SORT_BY_ALIGNMENT(.z_init_PRE_KERNEL_1_P_??_*)))
 .z_init_PRE_KERNEL_1_P_99_SUB_0_
                0x00000004        0x8 zephyr/drivers/console/libdrivers__console.a(posix_arch_console.c.obj)
 *(SORT_BY_NAME(SORT_BY_ALIGNMENT(.z_init_PRE_KERNEL_1_P_???_*)))
                0x0000000c                        __init_PRE_KERNEL_2_start = .
 *(SORT_BY_NAME(SORT_BY_ALIGNMENT(.z_init_PRE_KERNEL_2_P_?_*)))
 .z_init_PRE_KERNEL_2_P_0_SUB_0_
                0x0000000c        0x8 zephyr/drivers/timer/libdrivers__timer.a(native_sim_timer.c.obj)
 *(SORT_BY_NAME(SORT_BY_ALIGNMENT(.z_init_PRE_KERNEL_2_P_??_*)))
 *(SORT_BY_NAME(SORT_BY_ALIGNMENT(.z_init_PRE_KERNEL_2_P_???_*)))
                0x00000014                        __init_POST_KERNEL_start = .
 *(SORT_BY_NAME(SORT_BY_ALIGNMENT(.z_init_POST_KERNEL_P_?_*)))
 *(SORT_BY_NAME(SORT_BY_ALIGNMENT(.z_init_POST_KERNEL_P_??_*)))
 *(SORT_BY_NAME(SORT_BY_ALIGNMENT(.z_init_POST_KERNEL_P_???_*)))
                0x00000014                        __init_APPLICATION_start = .
 *(SORT_BY_NAME(SORT_BY_ALIGNMENT(.z_init_APPLICATION_P_?_*)))
 .z_init_APPLICATION_P_0_SUB_0_
                0x00000014        0x8 zephyr/libzephyr.a(boot_banner.c.obj)
 *(SORT_BY_NAME(SORT_BY_ALIGNMENT(.z_init_APPLICATION_P_??_*)))
 *(SORT_BY_NAME(SORT_BY_ALIGNMENT(.z_init_APPLICATION_P_???_*)))
                0x0000001c                        __init_SMP_start = .
 *(SORT_BY_NAME(SORT_BY_ALIGNMENT(.z_init_SMP_P_?_*)))
 *(SORT_BY_NAME(SORT_BY_ALIGNMENT(.z_init_SMP_P_??_*)))
 *(SORT_BY_NAME(SORT_BY_ALIGNMENT(.z_init_SMP_P_???_*)))
                0x0000001c                        __init_end = .

device_area     0x0000001c        0x0
                0x0000001c                        _device_list_start = .
 *(SORT_BY_NAME(SORT_BY_ALIGNMENT(._device.static.*_?_*)))
 *(SORT_BY_NAME(SORT_BY_ALIGNMENT(._device.static.*_??_*)))
 *(SORT_BY_NAME(SORT_BY_ALIGNMENT(._device.static.*_???_*)))
 *(SORT_BY_NAME(SORT_BY_ALIGNMENT(._device.static.*_????_*)))
 *(SORT_BY_NAME(SORT_BY_ALIGNMENT(._device.static.*_?????_*)))
                0x0000001c                        _device_list_end = .

initlevel_error
 *(SORT_BY_NAME(SORT_BY_ALIGNMENT(.z_init_*)))
                0x00000001                        ASSERT ((SIZEOF (initlevel_error) == 0x0), Undefined initialization levels used.)

app_shmem_regions
                0x0000001c        0x0
                0x0000001c                        __app_shmem_regions_start = .
 *(SORT_BY_NAME(SORT_BY_ALIGNMENT(.app_regions.*)))
                0x0000001c                        __app_shmem_regions_end = .

k_p4wq_initparam_area
                0x0000001c        0x0
                0x0000001c                        _k_p4wq_initparam_list_start = .
 *(SORT_BY_NAME(SORT_BY_ALIGNMENT(._k_p4wq_initparam.static.*)))
                0x0000001c                        _k_p4wq_initparam_list_end = .

k_kernel_init_pre_entry_area
                0x0000001c        0x0
                0x0000001c                        _k_kernel_init_pre_entry_list_start = .
 *(SORT_BY_NAME(SORT_BY_ALIGNMENT(._k_kernel_init_pre_entry.static.*)))
                0x0000001c                        _k_kernel_init_pre_entry_list_end = .

k_kernel_init_post_entry_area
                0x0000001c        0x0
                0x0000001c                        _k_kernel_init_post_entry_list_start = .
 *(SORT_BY_NAME(SORT_BY_ALIGNMENT(._k_kernel_init_post_entry.static.*)))
                0x0000001c                        _k_kernel_init_post_entry_list_end = .

_static_thread_data_area
                0x0000001c        0x0
                0x0000001c                        __static_thread_data_list_start = .
 *(SORT_BY_NAME(SORT_BY_ALIGNMENT(.__static_thread_data.static.*)))
                0x0000001c                        __static_thread_data_list_end = .

device_deps     0x0000001c        0x0
                0x0000001c                        __device_deps_start = .
 *(SORT_BY_NAME(SORT_BY_ALIGNMENT(.__device_deps_pass2*)))
                0x0000001c                        __device_deps_end = .

device_api_area
                0x0000001c        0x0
                0x0000001c                        _shared_irq_driver_api_list_start = .
 *(SORT_BY_NAME(SORT_BY_ALIGNMENT(._shared_irq_driver_api.static.*)))
                0x0000001c                        _shared_irq_driver_api_list_end = .
                0x0000001c                        _shared_irq_driver_api_ext_end = .
                0x0000001c                        _audio_codec_driver_api_list_start = .
 *(SORT_BY_NAME(SORT_BY_ALIGNMENT(._audio_codec_driver_api.static.*)))
                0x0000001c                        _audio_codec_driver_api_list_end = .
                0x0000001c                        _audio_codec_driver_api_ext_end = .
                0x0000001c                        _dmic_driver_api_list_start = .
 *(SORT_BY_NAME(SORT_BY_ALIGNMENT(._dmic_driver_api.static.*)))
                0x0000001c                        _dmic_driver_api_list_end = .
                0x0000001c                        _dmic_driver_api_ext_end = .
                0x0000001c                        _crypto_driver_api_list_start = .
 *(SORT_BY_NAME(SORT_BY_ALIGNMENT(._crypto_driver_api.static.*)))
                0x0000001c                        _crypto_driver_api_list_end = .
                0x0000001c                        _crypto_driver_api_ext_end = .
                0x0000001c                        _adc_driver_api_list_start = .
 *(SORT_BY_NAME(SORT_BY_ALIGNMENT(._adc_driver_api.static.*)))
                0x0000001c                        _adc_driver_api_list_end = .
                0x0000001c                        _adc_driver_api_ext_end = .
                0x0000001c                        _auxdisplay_driver_api_list_start = .
 *(SORT_BY_NAME(SORT_BY_ALIGNMENT(._auxdisplay_driver_api.static.*)))
                0x0000001c                        _auxdisplay_driver_api_list_end = .
                0x0000001c                        _auxdisplay_driver_api_ext_end = .
                0x0000001c                        _bbram_driver_api_list_start = .
 *(SORT_BY_NAME(SORT_BY_ALIGNMENT(._bbram_driver_api.static.*)))
                0x0000001c                        _bbram_driver_api_list_end = .
                0x0000001c                        _bbram_driver_api_ext_end = .
                0x0000001c                        _biometric_driver_api_list_start = .
 *(SORT_BY_NAME(SORT_BY_ALIGNMENT(._biometric_driver_api.static.*)))
                0x0000001c                        _biometric_driver_api_list_end = .
                0x0000001c                        _biometric_driver_api_ext_end = .
                0x0000001c                        _bt_hci_driver_api_list_start = .
 *(SORT_BY_NAME(SORT_BY_ALIGNMENT(._bt_hci_driver_api.static.*)))
                0x0000001c                        _bt_hci_driver_api_list_end = .
                0x0000001c                        _bt_hci_driver_api_ext_end = .
                0x0000001c                        _buzzer_driver_api_list_start = .
 *(SORT_BY_NAME(SORT_BY_ALIGNMENT(._buzzer_driver_api.static.*)))
                0x0000001c                        _buzzer_driver_api_list_end = .
                0x0000001c                        _buzzer_driver_api_ext_end = .
                0x0000001c                        _can_driver_api_list_start = .
 *(SORT_BY_NAME(SORT_BY_ALIGNMENT(._can_driver_api.static.*)))
                0x0000001c                        _can_driver_api_list_end = .
                0x0000001c                        _can_driver_api_ext_end = .
                0x0000001c                        _cellular_driver_api_list_start = .
 *(SORT_BY_NAME(SORT_BY_ALIGNMENT(._cellular_driver_api.static.*)))
                0x0000001c                        _cellular_driver_api_list_end = .
                0x0000001c                        _cellular_driver_api_ext_end = .
                0x0000001c                        _charger_driver_api_list_start = .
 *(SORT_BY_NAME(SORT_BY_ALIGNMENT(._charger_driver_api.static.*)))
                0x0000001c                        _charger_driver_api_list_end = .
                0x0000001c                        _charger_driver_api_ext_end = .
                0x0000001c                        _clock_control_driver_api_list_start = .
 *(SORT_BY_NAME(SORT_BY_ALIGNMENT(._clock_control_driver_api.static.*)))
                0x0000001c                        _clock_control_driver_api_list_end = .
                0x0000001c                        _nrf_clock_control_driver_api_list_start = .
 *(SORT_BY_NAME(SORT_BY_ALIGNMENT(._nrf_clock_control_driver_api.static.*)))
                0x0000001c                        _nrf_clock_control_driver_api_list_end = .
                0x0000001c                        _nrf_clock_control_driver_api_ext_end = .
                0x0000001c                        _clock_control_driver_api_ext_end = .
                0x0000001c                        _clock_monitor_driver_api_list_start = .
 *(SORT_BY_NAME(SORT_BY_ALIGNMENT(._clock_monitor_driver_api.static.*)))
                0x0000001c                        _clock_monitor_driver_api_list_end = .
                0x0000001c                        _clock_monitor_driver_api_ext_end = .
                0x0000001c                        _comparator_driver_api_list_start = .
 *(SORT_BY_NAME(SORT_BY_ALIGNMENT(._comparator_driver_api.static.*)))
                0x0000001c                        _comparator_driver_api_list_end = .
                0x0000001c                        _comparator_driver_api_ext_end = .
                0x0000001c                        _coredump_driver_api_list_start = .
 *(SORT_BY_NAME(SORT_BY_ALIGNMENT(._coredump_driver_api.static.*)))
                0x0000001c                        _coredump_driver_api_list_end = .
                0x0000001c                        _coredump_driver_api_ext_end = .
                0x0000001c                        _counter_driver_api_list_start = .
 *(SORT_BY_NAME(SORT_BY_ALIGNMENT(._counter_driver_api.static.*)))
                0x0000001c                        _counter_driver_api_list_end = .
                0x0000001c                        _counter_driver_api_ext_end = .
                0x0000001c                        _crc_driver_api_list_start = .
 *(SORT_BY_NAME(SORT_BY_ALIGNMENT(._crc_driver_api.static.*)))
                0x0000001c                        _crc_driver_api_list_end = .
                0x0000001c                        _crc_driver_api_ext_end = .
                0x0000001c                        _dac_driver_api_list_start = .
 *(SORT_BY_NAME(SORT_BY_ALIGNMENT(._dac_driver_api.static.*)))
                0x0000001c                        _dac_driver_api_list_end = .
                0x0000001c                        _dac_driver_api_ext_end = .
                0x0000001c                        _dai_driver_api_list_start = .
 *(SORT_BY_NAME(SORT_BY_ALIGNMENT(._dai_driver_api.static.*)))
                0x0000001c                        _dai_driver_api_list_end = .
                0x0000001c                        _dai_driver_api_ext_end = .
                0x0000001c                        _dali_driver_api_list_start = .
 *(SORT_BY_NAME(SORT_BY_ALIGNMENT(._dali_driver_api.static.*)))
                0x0000001c                        _dali_driver_api_list_end = .
                0x0000001c                        _dali_driver_api_ext_end = .
                0x0000001c                        _display_driver_api_list_start = .
 *(SORT_BY_NAME(SORT_BY_ALIGNMENT(._display_driver_api.static.*)))
                0x0000001c                        _display_driver_api_list_end = .
                0x0000001c                        _display_driver_api_ext_end = .
                0x0000001c                        _dma_driver_api_list_start = .
 *(SORT_BY_NAME(SORT_BY_ALIGNMENT(._dma_driver_api.static.*)))
                0x0000001c                        _dma_driver_api_list_end = .
                0x0000001c                        _dma_driver_api_ext_end = .
                0x0000001c                        _edac_driver_api_list_start = .
 *(SORT_BY_NAME(SORT_BY_ALIGNMENT(._edac_driver_api.static.*)))
                0x0000001c                        _edac_driver_api_list_end = .
                0x0000001c                        _edac_driver_api_ext_end = .
                0x0000001c                        _eeprom_driver_api_list_start = .
 *(SORT_BY_NAME(SORT_BY_ALIGNMENT(._eeprom_driver_api.static.*)))
                0x0000001c                        _eeprom_driver_api_list_end = .
                0x0000001c                        _eeprom_driver_api_ext_end = .
                0x0000001c                        _emul_bbram_driver_api_list_start = .
 *(SORT_BY_NAME(SORT_BY_ALIGNMENT(._emul_bbram_driver_api.static.*)))
                0x0000001c                        _emul_bbram_driver_api_list_end = .
                0x0000001c                        _emul_bbram_driver_api_ext_end = .
                0x0000001c                        _fuel_gauge_emul_driver_api_list_start = .
 *(SORT_BY_NAME(SORT_BY_ALIGNMENT(._fuel_gauge_emul_driver_api.static.*)))
                0x0000001c                        _fuel_gauge_emul_driver_api_list_end = .
                0x0000001c                        _fuel_gauge_emul_driver_api_ext_end = .
                0x0000001c                        _emul_sensor_driver_api_list_start = .
 *(SORT_BY_NAME(SORT_BY_ALIGNMENT(._emul_sensor_driver_api.static.*)))
                0x0000001c                        _emul_sensor_driver_api_list_end = .
                0x0000001c                        _emul_sensor_driver_api_ext_end = .
                0x0000001c                        _entropy_driver_api_list_start = .
 *(SORT_BY_NAME(SORT_BY_ALIGNMENT(._entropy_driver_api.static.*)))
                0x0000001c                        _entropy_driver_api_list_end = .
                0x0000001c                        _entropy_driver_api_ext_end = .
                0x0000001c                        _espi_driver_api_list_start = .
 *(SORT_BY_NAME(SORT_BY_ALIGNMENT(._espi_driver_api.static.*)))
                0x0000001c                        _espi_driver_api_list_end = .
                0x0000001c                        _emul_espi_driver_api_list_start = .
 *(SORT_BY_NAME(SORT_BY_ALIGNMENT(._emul_espi_driver_api.static.*)))
                0x0000001c                        _emul_espi_driver_api_list_end = .
                0x0000001c                        _emul_espi_driver_api_ext_end = .
                0x0000001c                        _espi_driver_api_ext_end = .
                0x0000001c                        _espi_saf_driver_api_list_start = .
 *(SORT_BY_NAME(SORT_BY_ALIGNMENT(._espi_saf_driver_api.static.*)))
                0x0000001c                        _espi_saf_driver_api_list_end = .
                0x0000001c                        _espi_saf_driver_api_ext_end = .
                0x0000001c                        _flash_driver_api_list_start = .
 *(SORT_BY_NAME(SORT_BY_ALIGNMENT(._flash_driver_api.static.*)))
                0x0000001c                        _flash_driver_api_list_end = .
                0x0000001c                        _flash_driver_api_ext_end = .
                0x0000001c                        _fpga_driver_api_list_start = .
 *(SORT_BY_NAME(SORT_BY_ALIGNMENT(._fpga_driver_api.static.*)))
                0x0000001c                        _fpga_driver_api_list_end = .
                0x0000001c                        _fpga_driver_api_ext_end = .
                0x0000001c                        _fuel_gauge_driver_api_list_start = .
 *(SORT_BY_NAME(SORT_BY_ALIGNMENT(._fuel_gauge_driver_api.static.*)))
                0x0000001c                        _fuel_gauge_driver_api_list_end = .
                0x0000001c                        _fuel_gauge_driver_api_ext_end = .
                0x0000001c                        _gnss_driver_api_list_start = .
 *(SORT_BY_NAME(SORT_BY_ALIGNMENT(._gnss_driver_api.static.*)))
                0x0000001c                        _gnss_driver_api_list_end = .
                0x0000001c                        _gnss_driver_api_ext_end = .
                0x0000001c                        _gpio_driver_api_list_start = .
 *(SORT_BY_NAME(SORT_BY_ALIGNMENT(._gpio_driver_api.static.*)))
                0x0000001c                        _gpio_driver_api_list_end = .
                0x0000001c                        _gpio_driver_api_ext_end = .
                0x0000001c                        _haptics_driver_api_list_start = .
 *(SORT_BY_NAME(SORT_BY_ALIGNMENT(._haptics_driver_api.static.*)))
                0x0000001c                        _haptics_driver_api_list_end = .
                0x0000001c                        _haptics_driver_api_ext_end = .
                0x0000001c                        _hwspinlock_driver_api_list_start = .
 *(SORT_BY_NAME(SORT_BY_ALIGNMENT(._hwspinlock_driver_api.static.*)))
                0x0000001c                        _hwspinlock_driver_api_list_end = .
                0x0000001c                        _hwspinlock_driver_api_ext_end = .
                0x0000001c                        _i2c_driver_api_list_start = .
 *(SORT_BY_NAME(SORT_BY_ALIGNMENT(._i2c_driver_api.static.*)))
                0x0000001c                        _i2c_driver_api_list_end = .
                0x0000001c                        _i3c_driver_api_list_start = .
 *(SORT_BY_NAME(SORT_BY_ALIGNMENT(._i3c_driver_api.static.*)))
                0x0000001c                        _i3c_driver_api_list_end = .
                0x0000001c                        _i3c_driver_api_ext_end = .
                0x0000001c                        _i2c_driver_api_ext_end = .
                0x0000001c                        _i2c_target_driver_api_list_start = .
 *(SORT_BY_NAME(SORT_BY_ALIGNMENT(._i2c_target_driver_api.static.*)))
                0x0000001c                        _i2c_target_driver_api_list_end = .
                0x0000001c                        _i2c_target_driver_api_ext_end = .
                0x0000001c                        _i2s_driver_api_list_start = .
 *(SORT_BY_NAME(SORT_BY_ALIGNMENT(._i2s_driver_api.static.*)))
                0x0000001c                        _i2s_driver_api_list_end = .
                0x0000001c                        _i2s_driver_api_ext_end = .
                0x0000001c                        _ipm_driver_api_list_start = .
 *(SORT_BY_NAME(SORT_BY_ALIGNMENT(._ipm_driver_api.static.*)))
                0x0000001c                        _ipm_driver_api_list_end = .
                0x0000001c                        _ipm_driver_api_ext_end = .
                0x0000001c                        _led_driver_api_list_start = .
 *(SORT_BY_NAME(SORT_BY_ALIGNMENT(._led_driver_api.static.*)))
                0x0000001c                        _led_driver_api_list_end = .
                0x0000001c                        _led_driver_api_ext_end = .
                0x0000001c                        _led_strip_driver_api_list_start = .
 *(SORT_BY_NAME(SORT_BY_ALIGNMENT(._led_strip_driver_api.static.*)))
                0x0000001c                        _led_strip_driver_api_list_end = .
                0x0000001c                        _led_strip_driver_api_ext_end = .
                0x0000001c                        _lora_driver_api_list_start = .
 *(SORT_BY_NAME(SORT_BY_ALIGNMENT(._lora_driver_api.static.*)))
                0x0000001c                        _lora_driver_api_list_end = .
                0x0000001c                        _lora_driver_api_ext_end = .
                0x0000001c                        _mbox_driver_api_list_start = .
 *(SORT_BY_NAME(SORT_BY_ALIGNMENT(._mbox_driver_api.static.*)))
                0x0000001c                        _mbox_driver_api_list_end = .
                0x0000001c                        _mbox_driver_api_ext_end = .
                0x0000001c                        _mdio_driver_api_list_start = .
 *(SORT_BY_NAME(SORT_BY_ALIGNMENT(._mdio_driver_api.static.*)))
                0x0000001c                        _mdio_driver_api_list_end = .
                0x0000001c                        _mdio_driver_api_ext_end = .
                0x0000001c                        _memc_driver_api_list_start = .
 *(SORT_BY_NAME(SORT_BY_ALIGNMENT(._memc_driver_api.static.*)))
                0x0000001c                        _memc_driver_api_list_end = .
                0x0000001c                        _memc_driver_api_ext_end = .
                0x0000001c                        _mipi_dbi_driver_api_list_start = .
 *(SORT_BY_NAME(SORT_BY_ALIGNMENT(._mipi_dbi_driver_api.static.*)))
                0x0000001c                        _mipi_dbi_driver_api_list_end = .
                0x0000001c                        _mipi_dbi_driver_api_ext_end = .
                0x0000001c                        _mipi_dsi_driver_api_list_start = .
 *(SORT_BY_NAME(SORT_BY_ALIGNMENT(._mipi_dsi_driver_api.static.*)))
                0x0000001c                        _mipi_dsi_driver_api_list_end = .
                0x0000001c                        _mipi_dsi_driver_api_ext_end = .
                0x0000001c                        _mspi_driver_api_list_start = .
 *(SORT_BY_NAME(SORT_BY_ALIGNMENT(._mspi_driver_api.static.*)))
                0x0000001c                        _mspi_driver_api_list_end = .
                0x0000001c                        _emul_mspi_driver_api_list_start = .
 *(SORT_BY_NAME(SORT_BY_ALIGNMENT(._emul_mspi_driver_api.static.*)))
                0x0000001c                        _emul_mspi_driver_api_list_end = .
                0x0000001c                        _emul_mspi_driver_api_ext_end = .
                0x0000001c                        _mspi_driver_api_ext_end = .
                0x0000001c                        _mux_control_driver_api_list_start = .
 *(SORT_BY_NAME(SORT_BY_ALIGNMENT(._mux_control_driver_api.static.*)))
                0x0000001c                        _mux_control_driver_api_list_end = .
                0x0000001c                        _mux_control_driver_api_ext_end = .
                0x0000001c                        _opamp_driver_api_list_start = .
 *(SORT_BY_NAME(SORT_BY_ALIGNMENT(._opamp_driver_api.static.*)))
                0x0000001c                        _opamp_driver_api_list_end = .
                0x0000001c                        _opamp_driver_api_ext_end = .
                0x0000001c                        _otp_driver_api_list_start = .
 *(SORT_BY_NAME(SORT_BY_ALIGNMENT(._otp_driver_api.static.*)))
                0x0000001c                        _otp_driver_api_list_end = .
                0x0000001c                        _otp_driver_api_ext_end = .
                0x0000001c                        _peci_driver_api_list_start = .
 *(SORT_BY_NAME(SORT_BY_ALIGNMENT(._peci_driver_api.static.*)))
                0x0000001c                        _peci_driver_api_list_end = .
                0x0000001c                        _peci_driver_api_ext_end = .
                0x0000001c                        _ps2_driver_api_list_start = .
 *(SORT_BY_NAME(SORT_BY_ALIGNMENT(._ps2_driver_api.static.*)))
                0x0000001c                        _ps2_driver_api_list_end = .
                0x0000001c                        _ps2_driver_api_ext_end = .
                0x0000001c                        _ptp_clock_driver_api_list_start = .
 *(SORT_BY_NAME(SORT_BY_ALIGNMENT(._ptp_clock_driver_api.static.*)))
                0x0000001c                        _ptp_clock_driver_api_list_end = .
                0x0000001c                        _ptp_clock_driver_api_ext_end = .
                0x0000001c                        _pulse_io_driver_api_list_start = .
 *(SORT_BY_NAME(SORT_BY_ALIGNMENT(._pulse_io_driver_api.static.*)))
                0x0000001c                        _pulse_io_driver_api_list_end = .
                0x0000001c                        _pulse_io_driver_api_ext_end = .
                0x0000001c                        _pwm_driver_api_list_start = .
 *(SORT_BY_NAME(SORT_BY_ALIGNMENT(._pwm_driver_api.static.*)))
                0x0000001c                        _pwm_driver_api_list_end = .
                0x0000001c                        _pwm_driver_api_ext_end = .
                0x0000001c                        _regulator_parent_driver_api_list_start = .
 *(SORT_BY_NAME(SORT_BY_ALIGNMENT(._regulator_parent_driver_api.static.*)))
                0x0000001c                        _regulator_parent_driver_api_list_end = .
                0x0000001c                        _regulator_parent_driver_api_ext_end = .
                0x0000001c                        _regulator_driver_api_list_start = .
 *(SORT_BY_NAME(SORT_BY_ALIGNMENT(._regulator_driver_api.static.*)))
                0x0000001c                        _regulator_driver_api_list_end = .
                0x0000001c                        _regulator_driver_api_ext_end = .
                0x0000001c                        _reset_driver_api_list_start = .
 *(SORT_BY_NAME(SORT_BY_ALIGNMENT(._reset_driver_api.static.*)))
                0x0000001c                        _reset_driver_api_list_end = .
                0x0000001c                        _reset_driver_api_ext_end = .
                0x0000001c                        _retained_mem_driver_api_list_start = .
 *(SORT_BY_NAME(SORT_BY_ALIGNMENT(._retained_mem_driver_api.static.*)))
                0x0000001c                        _retained_mem_driver_api_list_end = .
                0x0000001c                        _retained_mem_driver_api_ext_end = .
                0x0000001c                        _rtc_driver_api_list_start = .
 *(SORT_BY_NAME(SORT_BY_ALIGNMENT(._rtc_driver_api.static.*)))
                0x0000001c                        _rtc_driver_api_list_end = .
                0x0000001c                        _rtc_driver_api_ext_end = .
                0x0000001c                        _sdhc_driver_api_list_start = .
 *(SORT_BY_NAME(SORT_BY_ALIGNMENT(._sdhc_driver_api.static.*)))
                0x0000001c                        _sdhc_driver_api_list_end = .
                0x0000001c                        _sdhc_driver_api_ext_end = .
                0x0000001c                        _sensor_driver_api_list_start = .
 *(SORT_BY_NAME(SORT_BY_ALIGNMENT(._sensor_driver_api.static.*)))
                0x0000001c                        _sensor_driver_api_list_end = .
                0x0000001c                        _sensor_driver_api_ext_end = .
                0x0000001c                        _smbus_driver_api_list_start = .
 *(SORT_BY_NAME(SORT_BY_ALIGNMENT(._smbus_driver_api.static.*)))
                0x0000001c                        _smbus_driver_api_list_end = .
                0x0000001c                        _smbus_driver_api_ext_end = .
                0x0000001c                        _spi_driver_api_list_start = .
 *(SORT_BY_NAME(SORT_BY_ALIGNMENT(._spi_driver_api.static.*)))
                0x0000001c                        _spi_driver_api_list_end = .
                0x0000001c                        _spi_driver_api_ext_end = .
                0x0000001c                        _syscon_driver_api_list_start = .
 *(SORT_BY_NAME(SORT_BY_ALIGNMENT(._syscon_driver_api.static.*)))
                0x0000001c                        _syscon_driver_api_list_end = .
                0x0000001c                        _syscon_driver_api_ext_end = .
                0x0000001c                        _tee_driver_api_list_start = .
 *(SORT_BY_NAME(SORT_BY_ALIGNMENT(._tee_driver_api.static.*)))
                0x0000001c                        _tee_driver_api_list_end = .
                0x0000001c                        _tee_driver_api_ext_end = .
                0x0000001c                        _tgpio_driver_api_list_start = .
 *(SORT_BY_NAME(SORT_BY_ALIGNMENT(._tgpio_driver_api.static.*)))
                0x0000001c                        _tgpio_driver_api_list_end = .
                0x0000001c                        _tgpio_driver_api_ext_end = .
                0x0000001c                        _uaol_driver_api_list_start = .
 *(SORT_BY_NAME(SORT_BY_ALIGNMENT(._uaol_driver_api.static.*)))
                0x0000001c                        _uaol_driver_api_list_end = .
                0x0000001c                        _uaol_driver_api_ext_end = .
                0x0000001c                        _video_driver_api_list_start = .
 *(SORT_BY_NAME(SORT_BY_ALIGNMENT(._video_driver_api.static.*)))
                0x0000001c                        _video_driver_api_list_end = .
                0x0000001c                        _video_driver_api_ext_end = .
                0x0000001c                        _virtio_driver_api_list_start = .
 *(SORT_BY_NAME(SORT_BY_ALIGNMENT(._virtio_driver_api.static.*)))
                0x0000001c                        _virtio_driver_api_list_end = .
                0x0000001c                        _virtio_driver_api_ext_end = .
                0x0000001c                        _w1_driver_api_list_start = .
 *(SORT_BY_NAME(SORT_BY_ALIGNMENT(._w1_driver_api.static.*)))
                0x0000001c                        _w1_driver_api_list_end = .
                0x0000001c                        _w1_driver_api_ext_end = .
                0x0000001c                        _wdt_driver_api_list_start = .
 *(SORT_BY_NAME(SORT_BY_ALIGNMENT(._wdt_driver_api.static.*)))
                0x0000001c                        _wdt_driver_api_list_end = .
                0x0000001c                        _wdt_driver_api_ext_end = .
                0x0000001c                        _wuc_driver_api_list_start = .
 *(SORT_BY_NAME(SORT_BY_ALIGNMENT(._wuc_driver_api.static.*)))
                0x0000001c                        _wuc_driver_api_list_end = .
                0x0000001c                        _wuc_driver_api_ext_end = .
                0x0000001c                        _can_transceiver_driver_api_list_start = .
 *(SORT_BY_NAME(SORT_BY_ALIGNMENT(._can_transceiver_driver_api.static.*)))
                0x0000001c                        _can_transceiver_driver_api_list_end = .
                0x0000001c                        _can_transceiver_driver_api_ext_end = .
                0x0000001c                        _i3c_target_driver_api_list_start = .
 *(SORT_BY_NAME(SORT_BY_ALIGNMENT(._i3c_target_driver_api.static.*)))
                0x0000001c                        _i3c_target_driver_api_list_end = .
                0x0000001c                        _i3c_target_driver_api_ext_end = .
                0x0000001c                        _its_driver_api_list_start = .
 *(SORT_BY_NAME(SORT_BY_ALIGNMENT(._its_driver_api.static.*)))
                0x0000001c                        _its_driver_api_list_end = .
                0x0000001c                        _its_driver_api_ext_end = .
                0x0000001c                        _vtd_driver_api_list_start = .
 *(SORT_BY_NAME(SORT_BY_ALIGNMENT(._vtd_driver_api.static.*)))
                0x0000001c                        _vtd_driver_api_list_end = .
                0x0000001c                        _vtd_driver_api_ext_end = .
                0x0000001c                        _devmux_driver_api_list_start = .
 *(SORT_BY_NAME(SORT_BY_ALIGNMENT(._devmux_driver_api.static.*)))
                0x0000001c                        _devmux_driver_api_list_end = .
                0x0000001c                        _devmux_driver_api_ext_end = .
                0x0000001c                        _renesas_elc_driver_api_list_start = .
 *(SORT_BY_NAME(SORT_BY_ALIGNMENT(._renesas_elc_driver_api.static.*)))
                0x0000001c                        _renesas_elc_driver_api_list_end = .
                0x0000001c                        _renesas_elc_driver_api_ext_end = .
                0x0000001c                        _pcie_ctrl_driver_api_list_start = .
 *(SORT_BY_NAME(SORT_BY_ALIGNMENT(._pcie_ctrl_driver_api.static.*)))
                0x0000001c                        _pcie_ctrl_driver_api_list_end = .
                0x0000001c                        _pcie_ctrl_driver_api_ext_end = .
                0x0000001c                        _pcie_ep_driver_api_list_start = .
 *(SORT_BY_NAME(SORT_BY_ALIGNMENT(._pcie_ep_driver_api.static.*)))
                0x0000001c                        _pcie_ep_driver_api_list_end = .
                0x0000001c                        _pcie_ep_driver_api_ext_end = .
                0x0000001c                        _psi5_driver_api_list_start = .
 *(SORT_BY_NAME(SORT_BY_ALIGNMENT(._psi5_driver_api.static.*)))
                0x0000001c                        _psi5_driver_api_list_end = .
                0x0000001c                        _psi5_driver_api_ext_end = .
                0x0000001c                        _sent_driver_api_list_start = .
 *(SORT_BY_NAME(SORT_BY_ALIGNMENT(._sent_driver_api.static.*)))
                0x0000001c                        _sent_driver_api_list_end = .
                0x0000001c                        _sent_driver_api_ext_end = .
                0x0000001c                        _svc_driver_api_list_start = .
 *(SORT_BY_NAME(SORT_BY_ALIGNMENT(._svc_driver_api.static.*)))
                0x0000001c                        _svc_driver_api_list_end = .
                0x0000001c                        _svc_driver_api_ext_end = .
                0x0000001c                        _stepper_driver_api_list_start = .
 *(SORT_BY_NAME(SORT_BY_ALIGNMENT(._stepper_driver_api.static.*)))
                0x0000001c                        _stepper_driver_api_list_end = .
                0x0000001c                        _stepper_driver_api_ext_end = .
                0x0000001c                        _stepper_ctrl_driver_api_list_start = .
 *(SORT_BY_NAME(SORT_BY_ALIGNMENT(._stepper_ctrl_driver_api.static.*)))
                0x0000001c                        _stepper_ctrl_driver_api_list_end = .
                0x0000001c                        _stepper_ctrl_driver_api_ext_end = .
                0x0000001c                        _uart_driver_api_list_start = .
 *(SORT_BY_NAME(SORT_BY_ALIGNMENT(._uart_driver_api.static.*)))
                0x0000001c                        _uart_driver_api_list_end = .
                0x0000001c                        _uart_driver_api_ext_end = .
                0x0000001c                        _bc12_emul_driver_api_list_start = .
 *(SORT_BY_NAME(SORT_BY_ALIGNMENT(._bc12_emul_driver_api.static.*)))
                0x0000001c                        _bc12_emul_driver_api_list_end = .
                0x0000001c                        _bc12_emul_driver_api_ext_end = .
                0x0000001c                        _uhc_driver_api_list_start = .
 *(SORT_BY_NAME(SORT_BY_ALIGNMENT(._uhc_driver_api.static.*)))
                0x0000001c                        _uhc_driver_api_list_end = .
                0x0000001c                        _uhc_driver_api_ext_end = .
                0x0000001c                        _bc12_driver_api_list_start = .
 *(SORT_BY_NAME(SORT_BY_ALIGNMENT(._bc12_driver_api.static.*)))
                0x0000001c                        _bc12_driver_api_list_end = .
                0x0000001c                        _bc12_driver_api_ext_end = .
                0x0000001c                        _usbc_ppc_driver_api_list_start = .
 *(SORT_BY_NAME(SORT_BY_ALIGNMENT(._usbc_ppc_driver_api.static.*)))
                0x0000001c                        _usbc_ppc_driver_api_list_end = .
                0x0000001c                        _usbc_ppc_driver_api_ext_end = .
                0x0000001c                        _tcpc_driver_api_list_start = .
 *(SORT_BY_NAME(SORT_BY_ALIGNMENT(._tcpc_driver_api.static.*)))
                0x0000001c                        _tcpc_driver_api_list_end = .
                0x0000001c                        _tcpc_driver_api_ext_end = .
                0x0000001c                        _usbc_vbus_driver_api_list_start = .
 *(SORT_BY_NAME(SORT_BY_ALIGNMENT(._usbc_vbus_driver_api.static.*)))
                0x0000001c                        _usbc_vbus_driver_api_list_end = .
                0x0000001c                        _usbc_vbus_driver_api_ext_end = .
                0x0000001c                        _ivshmem_driver_api_list_start = .
 *(SORT_BY_NAME(SORT_BY_ALIGNMENT(._ivshmem_driver_api.static.*)))
                0x0000001c                        _ivshmem_driver_api_list_end = .
                0x0000001c                        _ivshmem_driver_api_ext_end = .
                0x0000001c                        _ethphy_driver_api_list_start = .
 *(SORT_BY_NAME(SORT_BY_ALIGNMENT(._ethphy_driver_api.static.*)))
                0x0000001c                        _ethphy_driver_api_list_end = .
                0x0000001c                        _ethphy_driver_api_ext_end = .

ztest           0x0000001c        0x0
                0x0000001c                        _ztest_expected_result_entry_list_start = .
 *(SORT_BY_NAME(SORT_BY_ALIGNMENT(._ztest_expected_result_entry.static.*)))
                0x0000001c                        _ztest_expected_result_entry_list_end = .
                0x0000001c                        _ztest_suite_node_list_start = .
 *(SORT_BY_NAME(SORT_BY_ALIGNMENT(._ztest_suite_node.static.*)))
                0x0000001c                        _ztest_suite_node_list_end = .
                0x0000001c                        _ztest_unit_test_list_start = .
 *(SORT_BY_NAME(SORT_BY_ALIGNMENT(._ztest_unit_test.static.*)))
                0x0000001c                        _ztest_unit_test_list_end = .
                0x0000001c                        _ztest_param_inst_list_start = .
 *(SORT_BY_NAME(SORT_BY_ALIGNMENT(._ztest_param_inst.static.*)))
                0x0000001c                        _ztest_param_inst_list_end = .
                0x0000001c                        _ztest_test_rule_list_start = .
 *(SORT_BY_NAME(SORT_BY_ALIGNMENT(._ztest_test_rule.static.*)))
                0x0000001c                        _ztest_test_rule_list_end = .

init_array      0x0000001c        0x8
                0x0000001c                        __zephyr_init_array_start = .
 *(SORT_BY_INIT_PRIORITY(.init_array.*) SORT_BY_INIT_PRIORITY(.ctors.*))
 *(SORT_BY_ALIGNMENT(.init_array) SORT_BY_ALIGNMENT(.ctors))
                0x0000001c                        __zephyr_init_array_end = .
                0x0000001c                        __CTOR_LIST__ = .
                0x0000001c        0x4 LONG 0x0
                0x00000020        0x4 LONG 0x0
                0x00000024                        __CTOR_END__ = .
                0x00000024                        __init_array_start = .
                0x00000024                        __init_array_end = .

bt_l2cap_fixed_chan_area
                0x00000024        0x0
                0x00000024                        _bt_l2cap_fixed_chan_list_start = .
 *(SORT_BY_NAME(SORT_BY_ALIGNMENT(._bt_l2cap_fixed_chan.static.*)))
                0x00000024                        _bt_l2cap_fixed_chan_list_end = .

bt_gatt_service_static_area
                0x00000024        0x0
                0x00000024                        _bt_gatt_service_static_list_start = .
 *(SORT_BY_NAME(SORT_BY_ALIGNMENT(._bt_gatt_service_static.static.*)))
                0x00000024                        _bt_gatt_service_static_list_end = .

log_strings_area
                0x00000024        0x0
                0x00000024                        _log_strings_list_start = .
 *(SORT_BY_NAME(SORT_BY_ALIGNMENT(._log_strings.static.*)))
                0x00000024                        _log_strings_list_end = .

log_stmesp_ptr_area
                0x00000024        0x0
                0x00000024                        _log_stmesp_ptr_list_start = .
 *(SORT_BY_NAME(SORT_BY_ALIGNMENT(._log_stmesp_ptr.static.*)))
                0x00000024                        _log_stmesp_ptr_list_end = .

log_stmesp_str_area
                0x00000024        0x0
                0x00000024                        _log_stmesp_str_list_start = .
 *(SORT_BY_NAME(SORT_BY_ALIGNMENT(._log_stmesp_str.static.*)))
                0x00000024                        _log_stmesp_str_list_end = .

log_const_area  0x00000024        0x0
                0x00000024                        _log_const_list_start = .
 *(SORT_BY_NAME(SORT_BY_ALIGNMENT(._log_const.static.*)))
                0x00000024                        _log_const_list_end = .

log_backend_area
                0x00000024        0x0
                0x00000024                        _log_backend_list_start = .
 *(SORT_BY_NAME(SORT_BY_ALIGNMENT(._log_backend.static.*)))
                0x00000024                        _log_backend_list_end = .

log_link_area   0x00000024        0x0
                0x00000024                        _log_link_list_start = .
 *(SORT_BY_NAME(SORT_BY_ALIGNMENT(._log_link.static.*)))
                0x00000024                        _log_link_list_end = .

tracing_backend_area
                0x00000024        0x0
                0x00000024                        _tracing_backend_list_start = .
 *(SORT_BY_NAME(SORT_BY_ALIGNMENT(._tracing_backend.static.*)))
                0x00000024                        _tracing_backend_list_end = .

zephyr_dbg_info
 *(SORT_BY_ALIGNMENT(.dbg_thread_info))

intc_table_area
                0x00000024        0x0
                0x00000024                        _intc_table_list_start = .
 *(SORT_BY_NAME(SORT_BY_ALIGNMENT(._intc_table.static.*)))
                0x00000024                        _intc_table_list_end = .

symbol_to_keep  0x00000024        0x0
                0x00000024                        __symbol_to_keep_start = .
 *(SORT_BY_NAME(SORT_BY_ALIGNMENT(.symbol_to_keep*)))
                0x00000024                        __symbol_to_keep_end = .

shell_area      0x00000024        0x0
                0x00000024                        _shell_list_start = .
 *(SORT_BY_NAME(SORT_BY_ALIGNMENT(._shell.static.*)))
                0x00000024                        _shell_list_end = .

shell_root_cmds_area
                0x00000024        0x0
                0x00000024                        _shell_root_cmds_list_start = .
 *(SORT_BY_NAME(SORT_BY_ALIGNMENT(._shell_root_cmds.static.*)))
                0x00000024                        _shell_root_cmds_list_end = .

shell_subcmds_area
                0x00000024        0x0
                0x00000024                        _shell_subcmds_list_start = .
 *(SORT_BY_NAME(SORT_BY_ALIGNMENT(._shell_subcmds.static.*)))
                0x00000024                        _shell_subcmds_list_end = .

shell_dynamic_subcmds_area
                0x00000024        0x0
                0x00000024                        _shell_dynamic_subcmds_list_start = .
 *(SORT_BY_NAME(SORT_BY_ALIGNMENT(._shell_dynamic_subcmds.static.*)))
                0x00000024                        _shell_dynamic_subcmds_list_end = .

shell_remote_area
                0x00000024        0x0
                0x00000024                        _shell_remote_list_start = .
 *(SORT_BY_NAME(SORT_BY_ALIGNMENT(._shell_remote.static.*)))
                0x00000024                        _shell_remote_list_end = .

cfb_font_area   0x00000024        0x0
                0x00000024                        _cfb_font_list_start = .
 *(SORT_BY_NAME(SORT_BY_ALIGNMENT(._cfb_font.static.*)))
                0x00000024                        _cfb_font_list_end = .

rodata

datas

device_states   0x00000024        0x0
                0x00000024                        . = ALIGN (0x4)
                0x00000024                        __device_states_start = .
 *(SORT_BY_ALIGNMENT(.z_devstate))
 *(SORT_BY_ALIGNMENT(.z_devstate.*))
                0x00000024                        __device_states_end = .
                0x00000024                        . = ALIGN (0x4)

log_mpsc_pbuf_area
                0x00000024        0x0
                0x00000024                        _log_mpsc_pbuf_list_start = .
 *(SORT_BY_NAME(SORT_BY_ALIGNMENT(._log_mpsc_pbuf.static.*)))
                0x00000024                        _log_mpsc_pbuf_list_end = .

log_msg_ptr_area
                0x00000024        0x0
                0x00000024                        _log_msg_ptr_list_start = .
 *(SORT_BY_NAME(SORT_BY_ALIGNMENT(._log_msg_ptr.static.*)))
                0x00000024                        _log_msg_ptr_list_end = .

log_dynamic_area
                0x00000024        0x0
                0x00000024                        _log_dynamic_list_start = .
 *(SORT_BY_NAME(SORT_BY_ALIGNMENT(._log_dynamic.static.*)))
                0x00000024                        _log_dynamic_list_end = .

k_timer_area    0x00000024        0x0
                0x00000024                        _k_timer_list_start = .
 *(SORT_BY_NAME(SORT_BY_ALIGNMENT(._k_timer.static.*)))
                0x00000024                        _k_timer_list_end = .

k_mem_slab_area
                0x00000024        0x0
                0x00000024                        _k_mem_slab_list_start = .
 *(SORT_BY_NAME(SORT_BY_ALIGNMENT(._k_mem_slab.static.*)))
                0x00000024                        _k_mem_slab_list_end = .

k_heap_area     0x00000024        0x0
                0x00000024                        _k_heap_list_start = .
 *(SORT_BY_NAME(SORT_BY_ALIGNMENT(._k_heap.static.*)))
                0x00000024                        _k_heap_list_end = .

k_mutex_area    0x00000024        0x0
                0x00000024                        _k_mutex_list_start = .
 *(SORT_BY_NAME(SORT_BY_ALIGNMENT(._k_mutex.static.*)))
                0x00000024                        _k_mutex_list_end = .

k_stack_area    0x00000024        0x0
                0x00000024                        _k_stack_list_start = .
 *(SORT_BY_NAME(SORT_BY_ALIGNMENT(._k_stack.static.*)))
                0x00000024                        _k_stack_list_end = .

k_msgq_area     0x00000024        0x0
                0x00000024                        _k_msgq_list_start = .
 *(SORT_BY_NAME(SORT_BY_ALIGNMENT(._k_msgq.static.*)))
                0x00000024                        _k_msgq_list_end = .

k_mbox_area     0x00000024        0x0
                0x00000024                        _k_mbox_list_start = .
 *(SORT_BY_NAME(SORT_BY_ALIGNMENT(._k_mbox.static.*)))
                0x00000024                        _k_mbox_list_end = .

k_pipe_area     0x00000024        0x0
                0x00000024                        _k_pipe_list_start = .
 *(SORT_BY_NAME(SORT_BY_ALIGNMENT(._k_pipe.static.*)))
                0x00000024                        _k_pipe_list_end = .

k_sem_area      0x00000024        0x0
                0x00000024                        _k_sem_list_start = .
 *(SORT_BY_NAME(SORT_BY_ALIGNMENT(._k_sem.static.*)))
                0x00000024                        _k_sem_list_end = .

k_event_area    0x00000024        0x0
                0x00000024                        _k_event_list_start = .
 *(SORT_BY_NAME(SORT_BY_ALIGNMENT(._k_event.static.*)))
                0x00000024                        _k_event_list_end = .

k_queue_area    0x00000024        0x0
                0x00000024                        _k_queue_list_start = .
 *(SORT_BY_NAME(SORT_BY_ALIGNMENT(._k_queue.static.*)))
                0x00000024                        _k_queue_list_end = .

k_fifo_area     0x00000024        0x0
                0x00000024                        _k_fifo_list_start = .
 *(SORT_BY_NAME(SORT_BY_ALIGNMENT(._k_fifo.static.*)))
                0x00000024                        _k_fifo_list_end = .

k_lifo_area     0x00000024        0x0
                0x00000024                        _k_lifo_list_start = .
 *(SORT_BY_NAME(SORT_BY_ALIGNMENT(._k_lifo.static.*)))
                0x00000024                        _k_lifo_list_end = .

k_condvar_area  0x00000024        0x0
                0x00000024                        _k_condvar_list_start = .
 *(SORT_BY_NAME(SORT_BY_ALIGNMENT(._k_condvar.static.*)))
                0x00000024                        _k_condvar_list_end = .

sys_mem_blocks_ptr_area
                0x00000024        0x0
                0x00000024                        _sys_mem_blocks_ptr_list_start = .
 *(SORT_BY_NAME(SORT_BY_ALIGNMENT(._sys_mem_blocks_ptr.static.*)))
                0x00000024                        _sys_mem_blocks_ptr_list_end = .

net_buf_pool_area
                0x00000024        0x0
                0x00000024                        _net_buf_pool_list_start = .
 *(SORT_BY_NAME(SORT_BY_ALIGNMENT(._net_buf_pool.static.*)))
                0x00000024                        _net_buf_pool_list_end = .

native_pre_tasks
                0x00000024        0x4
                0x00000024                        __native_tasks_start = .
                0x00000024                        __native_PRE_BOOT_1_tasks_start = .
 *(SORT_BY_NAME(SORT_BY_ALIGNMENT(.native_PRE_BOOT_1[0-9]_task)))
 .native_PRE_BOOT_10_task
                0x00000024        0x4 zephyr/boards/native/native_sim/libboards__native__native_sim.a(misc.c.obj)
 *(SORT_BY_NAME(SORT_BY_ALIGNMENT(.native_PRE_BOOT_1[1-9][0-9]_task)))
 *(SORT_BY_NAME(SORT_BY_ALIGNMENT(.native_PRE_BOOT_1[1-9][0-9][0-9]_task)))
                0x00000028                        __native_PRE_BOOT_2_tasks_start = .
 *(SORT_BY_NAME(SORT_BY_ALIGNMENT(.native_PRE_BOOT_2[0-9]_task)))
 *(SORT_BY_NAME(SORT_BY_ALIGNMENT(.native_PRE_BOOT_2[1-9][0-9]_task)))
 *(SORT_BY_NAME(SORT_BY_ALIGNMENT(.native_PRE_BOOT_2[1-9][0-9][0-9]_task)))
                0x00000028                        __native_PRE_BOOT_3_tasks_start = .
 *(SORT_BY_NAME(SORT_BY_ALIGNMENT(.native_PRE_BOOT_3[0-9]_task)))
 *(SORT_BY_NAME(SORT_BY_ALIGNMENT(.native_PRE_BOOT_3[1-9][0-9]_task)))
 *(SORT_BY_NAME(SORT_BY_ALIGNMENT(.native_PRE_BOOT_3[1-9][0-9][0-9]_task)))
                0x00000028                        __native_FIRST_SLEEP_tasks_start = .
 *(SORT_BY_NAME(SORT_BY_ALIGNMENT(.native_FIRST_SLEEP[0-9]_task)))
 *(SORT_BY_NAME(SORT_BY_ALIGNMENT(.native_FIRST_SLEEP[1-9][0-9]_task)))
 *(SORT_BY_NAME(SORT_BY_ALIGNMENT(.native_FIRST_SLEEP[1-9][0-9][0-9]_task)))
                0x00000028                        __native_ON_EXIT_tasks_start = .
 *(SORT_BY_NAME(SORT_BY_ALIGNMENT(.native_ON_EXIT[0-9]_task)))
 *(SORT_BY_NAME(SORT_BY_ALIGNMENT(.native_ON_EXIT[1-9][0-9]_task)))
 *(SORT_BY_NAME(SORT_BY_ALIGNMENT(.native_ON_EXIT[1-9][0-9][0-9]_task)))
                0x00000028                        __native_tasks_end = .
                0x00000028                        __data_region_end = .

noinit

.data1
 *(SORT_BY_ALIGNMENT(.data1))

.bss
 *(SORT_BY_ALIGNMENT(.bss))

.bss.te_state   0x00000000        0x4
 .bss.te_state  0x00000000        0x4 zephyr/arch/arch/posix/core/libarch__posix__core.a(posix_core_nsi.c.obj)

.bss.nce_st     0x00000000        0x4
 .bss.nce_st    0x00000000        0x4 zephyr/soc/soc/native/libsoc__native__inf_clock.a(soc.c.obj)

.bss.may_swap.0
                0x00000000        0x4
 .bss.may_swap.0
                0x00000000        0x4 zephyr/boards/native/native_sim/libboards__native__native_sim.a(irq_handler.c.obj)

.bss.irq_vector_table
                0x00000000      0x200
 .bss.irq_vector_table
                0x00000000      0x200 zephyr/boards/native/native_sim/libboards__native__native_sim.a(irq_handler.c.obj)

.bss.n_pend     0x00000000        0x4
 .bss.n_pend    0x00000000        0x4 zephyr/drivers/console/libdrivers__console.a(posix_arch_console.c.obj)

.bss.stdout_buff
                0x00000000      0x100
 .bss.stdout_buff
                0x00000000      0x100 zephyr/drivers/console/libdrivers__console.a(posix_arch_console.c.obj)

.bss.timer_core_last_elapsed
                0x00000000        0x8
 .bss.timer_core_last_elapsed
                0x00000000        0x8 zephyr/drivers/timer/libdrivers__timer.a(native_sim_timer.c.obj)

.bss.timer_core_last_tick
                0x00000000        0x8
 .bss.timer_core_last_tick
                0x00000000        0x8 zephyr/drivers/timer/libdrivers__timer.a(native_sim_timer.c.obj)

.bss.timer_core_last_cycle
                0x00000000        0x8
 .bss.timer_core_last_cycle
                0x00000000        0x8 zephyr/drivers/timer/libdrivers__timer.a(native_sim_timer.c.obj)

.bss.z_sys_post_kernel
                0x00000000        0x1
 .bss.z_sys_post_kernel
                0x00000000        0x1 zephyr/kernel/libkernel.a(init.c.obj)
                0x00000000                z_sys_post_kernel

.noinit.WEST_TOPDIR/zephyr/kernel/init.c.2
                0x00000000      0x800
 .noinit.WEST_TOPDIR/zephyr/kernel/init.c.2
                0x00000000      0x800 zephyr/kernel/libkernel.a(init.c.obj)
                0x00000000                z_interrupt_stacks

.noinit.WEST_TOPDIR/zephyr/kernel/init.c.1
                0x00000000      0x100
 .noinit.WEST_TOPDIR/zephyr/kernel/init.c.1
                0x00000000      0x100 zephyr/kernel/libkernel.a(init.c.obj)

.bss.z_idle_threads
                0x00000000       0x60
 .bss.z_idle_threads
                0x00000000       0x60 zephyr/kernel/libkernel.a(init.c.obj)
                0x00000000                z_idle_threads

.bss.z_main_thread
                0x00000000       0x60
 .bss.z_main_thread
                0x00000000       0x60 zephyr/kernel/libkernel.a(init.c.obj)
                0x00000000                z_main_thread

.noinit.WEST_TOPDIR/zephyr/kernel/init.c.0
                0x00000000     0x1000
 .noinit.WEST_TOPDIR/zephyr/kernel/init.c.0
                0x00000000     0x1000 zephyr/kernel/libkernel.a(init.c.obj)
                0x00000000                z_main_stack

.bss._kernel    0x00000000       0x20
 .bss._kernel   0x00000000       0x20 zephyr/kernel/libkernel.a(init.c.obj)
                0x00000000                _kernel

.bss._thread_dummy
                0x00000000       0x60
 .bss._thread_dummy
                0x00000000       0x60 zephyr/kernel/libkernel.a(sched.c.obj)
                0x00000000                _thread_dummy

.bss._sched_spinlock
                0x00000000        0x0
 .bss._sched_spinlock
                0x00000000        0x0 zephyr/kernel/libkernel.a(sched.c.obj)
                0x00000000                _sched_spinlock

.bss.slice_expired
                0x00000000        0x4
 .bss.slice_expired
                0x00000000        0x4 zephyr/kernel/libkernel.a(timeslicing.c.obj)

.bss.slice_timeouts
                0x00000000       0x14
 .bss.slice_timeouts
                0x00000000       0x14 zephyr/kernel/libkernel.a(timeslicing.c.obj)

.bss.slice_max_prio
                0x00000000        0x4
 .bss.slice_max_prio
                0x00000000        0x4 zephyr/kernel/libkernel.a(timeslicing.c.obj)

.bss.inflight_timeout
                0x00000000        0x4
 .bss.inflight_timeout
                0x00000000        0x4 zephyr/kernel/libkernel.a(timeout.c.obj)

.bss.announce_remaining
                0x00000000        0x4
 .bss.announce_remaining
                0x00000000        0x4 zephyr/kernel/libkernel.a(timeout.c.obj)

.bss.curr_tick  0x00000000        0x8
 .bss.curr_tick
                0x00000000        0x8 zephyr/kernel/libkernel.a(timeout.c.obj)

.stab
 *(SORT_BY_ALIGNMENT(.stab))

.stabstr
 *(SORT_BY_ALIGNMENT(.stabstr))

.stab.excl
 *(SORT_BY_ALIGNMENT(.stab.excl))

.stab.exclstr
 *(SORT_BY_ALIGNMENT(.stab.exclstr))

.stab.index
 *(SORT_BY_ALIGNMENT(.stab.index))

.stab.indexstr
 *(SORT_BY_ALIGNMENT(.stab.indexstr))

.comment        0x00000000      0x3e0
 *(SORT_BY_ALIGNMENT(.comment))
 .comment       0x00000000       0x20 zephyr/CMakeFiles/offsets.dir/./arch/posix/core/offsets/offsets.c.obj
 .comment       0x00000020       0x20 app/libapp.a(main.c.obj)
 .comment       0x00000040       0x20 zephyr/libzephyr.a(boot_banner.c.obj)
 .comment       0x00000060       0x20 zephyr/libzephyr.a(printk.c.obj)
 .comment       0x00000080       0x20 zephyr/libzephyr.a(cbprintf_complete.c.obj)
 .comment       0x000000a0       0x20 zephyr/libzephyr.a(configs.c.obj)
 .comment       0x000000c0       0x20 zephyr/libzephyr.a(tracing_none.c.obj)
 .comment       0x000000e0       0x20 zephyr/libzephyr.a(thread_entry.c.obj)
 .comment       0x00000100       0x20 zephyr/arch/arch/posix/core/libarch__posix__core.a(cpuhalt.c.obj)
 .comment       0x00000120       0x20 zephyr/arch/arch/posix/core/libarch__posix__core.a(fatal.c.obj)
 .comment       0x00000140       0x20 zephyr/arch/arch/posix/core/libarch__posix__core.a(irq.c.obj)
 .comment       0x00000160       0x20 zephyr/arch/arch/posix/core/libarch__posix__core.a(swap.c.obj)
 .comment       0x00000180       0x20 zephyr/arch/arch/posix/core/libarch__posix__core.a(thread.c.obj)
 .comment       0x000001a0       0x20 zephyr/arch/arch/posix/core/libarch__posix__core.a(posix_core_nsi.c.obj)
 .comment       0x000001c0       0x20 zephyr/soc/soc/native/libsoc__native__inf_clock.a(soc.c.obj)
 .comment       0x000001e0       0x20 zephyr/soc/soc/native/libsoc__native__inf_clock.a(native_tasks.c.obj)
 .comment       0x00000200       0x20 zephyr/boards/native/native_sim/libboards__native__native_sim.a(nsi_if.c.obj)
 .comment       0x00000220       0x20 zephyr/boards/native/native_sim/libboards__native__native_sim.a(irq_handler.c.obj)
 .comment       0x00000240       0x20 zephyr/boards/native/native_sim/libboards__native__native_sim.a(misc.c.obj)
 .comment       0x00000260       0x20 zephyr/boards/native/native_sim/libboards__native__native_sim.a(posix_arch_if.c.obj)
 .comment       0x00000280       0x20 zephyr/drivers/console/libdrivers__console.a(posix_arch_console.c.obj)
 .comment       0x000002a0       0x20 zephyr/drivers/timer/libdrivers__timer.a(native_sim_timer.c.obj)
 .comment       0x000002c0       0x20 zephyr/kernel/libkernel.a(fatal.c.obj)
 .comment       0x000002e0       0x20 zephyr/kernel/libkernel.a(init.c.obj)
 .comment       0x00000300       0x20 zephyr/kernel/libkernel.a(idle.c.obj)
 .comment       0x00000320       0x20 zephyr/kernel/libkernel.a(thread.c.obj)
 .comment       0x00000340       0x20 zephyr/kernel/libkernel.a(sched.c.obj)
 .comment       0x00000360       0x20 zephyr/kernel/libkernel.a(scheduler.c.obj)
 .comment       0x00000380       0x20 zephyr/kernel/libkernel.a(timeslicing.c.obj)
 .comment       0x000003a0       0x20 zephyr/kernel/libkernel.a(timeout.c.obj)
 .comment       0x000003c0       0x20 zephyr/kernel/libkernel.a(device.c.obj)

.gnu.build.attributes
 *(SORT_BY_ALIGNMENT(.gnu.build.attributes))

.debug
 *(SORT_BY_ALIGNMENT(.debug))

.line
 *(SORT_BY_ALIGNMENT(.line))

.debug_srcinfo
 *(SORT_BY_ALIGNMENT(.debug_srcinfo))

.debug_sfnames
 *(SORT_BY_ALIGNMENT(.debug_sfnames))

.debug_aranges  0x00000000      0x910
 *(SORT_BY_ALIGNMENT(.debug_aranges))
 .debug_aranges
                0x00000000       0x20 zephyr/CMakeFiles/offsets.dir/./arch/posix/core/offsets/offsets.c.obj
 .debug_aranges
                0x00000020       0x20 app/libapp.a(main.c.obj)
 .debug_aranges
                0x00000040       0x20 zephyr/libzephyr.a(boot_banner.c.obj)
 .debug_aranges